Archive member included to satisfy reference by file (symbol)

c:/st/stm32cubeide_1.6.0/stm32cubeide/plugins/com.st.stm32cube.ide.mcu.externaltools.gnu-tools-for-stm32.9-2020-q2-update.win32_1.5.0.202011040924/tools/bin/../lib/gcc/arm-none-eabi/9.3.1/../../../../arm-none-eabi/lib/thumb/v7-m/nofp\libc_nano.a(lib_a-errno.o)
                              Core/Src/syscalls.o (__errno)
c:/st/stm32cubeide_1.6.0/stm32cubeide/plugins/com.st.stm32cube.ide.mcu.externaltools.gnu-tools-for-stm32.9-2020-q2-update.win32_1.5.0.202011040924/tools/bin/../lib/gcc/arm-none-eabi/9.3.1/../../../../arm-none-eabi/lib/thumb/v7-m/nofp\libc_nano.a(lib_a-exit.o)
                              c:/st/stm32cubeide_1.6.0/stm32cubeide/plugins/com.st.stm32cube.ide.mcu.externaltools.gnu-tools-for-stm32.9-2020-q2-update.win32_1.5.0.202011040924/tools/bin/../lib/gcc/arm-none-eabi/9.3.1/../../../../arm-none-eabi/lib/thumb/v7-m/nofp/crt0.o (exit)
c:/st/stm32cubeide_1.6.0/stm32cubeide/plugins/com.st.stm32cube.ide.mcu.externaltools.gnu-tools-for-stm32.9-2020-q2-update.win32_1.5.0.202011040924/tools/bin/../lib/gcc/arm-none-eabi/9.3.1/../../../../arm-none-eabi/lib/thumb/v7-m/nofp\libc_nano.a(lib_a-impure.o)
                              c:/st/stm32cubeide_1.6.0/stm32cubeide/plugins/com.st.stm32cube.ide.mcu.externaltools.gnu-tools-for-stm32.9-2020-q2-update.win32_1.5.0.202011040924/tools/bin/../lib/gcc/arm-none-eabi/9.3.1/../../../../arm-none-eabi/lib/thumb/v7-m/nofp\libc_nano.a(lib_a-exit.o) (_global_impure_ptr)
c:/st/stm32cubeide_1.6.0/stm32cubeide/plugins/com.st.stm32cube.ide.mcu.externaltools.gnu-tools-for-stm32.9-2020-q2-update.win32_1.5.0.202011040924/tools/bin/../lib/gcc/arm-none-eabi/9.3.1/../../../../arm-none-eabi/lib/thumb/v7-m/nofp\libc_nano.a(lib_a-init.o)
                              c:/st/stm32cubeide_1.6.0/stm32cubeide/plugins/com.st.stm32cube.ide.mcu.externaltools.gnu-tools-for-stm32.9-2020-q2-update.win32_1.5.0.202011040924/tools/bin/../lib/gcc/arm-none-eabi/9.3.1/../../../../arm-none-eabi/lib/thumb/v7-m/nofp/crt0.o (__libc_init_array)
c:/st/stm32cubeide_1.6.0/stm32cubeide/plugins/com.st.stm32cube.ide.mcu.externaltools.gnu-tools-for-stm32.9-2020-q2-update.win32_1.5.0.202011040924/tools/bin/../lib/gcc/arm-none-eabi/9.3.1/../../../../arm-none-eabi/lib/thumb/v7-m/nofp\libc_nano.a(lib_a-memset.o)
                              c:/st/stm32cubeide_1.6.0/stm32cubeide/plugins/com.st.stm32cube.ide.mcu.externaltools.gnu-tools-for-stm32.9-2020-q2-update.win32_1.5.0.202011040924/tools/bin/../lib/gcc/arm-none-eabi/9.3.1/../../../../arm-none-eabi/lib/thumb/v7-m/nofp/crt0.o (memset)

Allocating common symbols
Common symbol       size              file

hUsbDeviceFS        0x2c4             USB_DEVICE/App/usb_device.o
uwTick              0x4               Drivers/STM32F1xx_HAL_Driver/Src/stm32f1xx_hal.o
pFlash              0x20              Drivers/STM32F1xx_HAL_Driver/Src/stm32f1xx_hal_flash.o
UserRxBufferFS      0x3e8             USB_DEVICE/App/usbd_cdc_if.o
UserTxBufferFS      0x3e8             USB_DEVICE/App/usbd_cdc_if.o
hpcd_USB_FS         0x2ec             USB_DEVICE/Target/usbd_conf.o
USBD_StrDesc        0x200             USB_DEVICE/App/usbd_desc.o

Discarded input sections

 .text          0x0000000000000000        0x0 c:/st/stm32cubeide_1.6.0/stm32cubeide/plugins/com.st.stm32cube.ide.mcu.externaltools.gnu-tools-for-stm32.9-2020-q2-update.win32_1.5.0.202011040924/tools/bin/../lib/gcc/arm-none-eabi/9.3.1/thumb/v7-m/nofp/crti.o
 .data          0x0000000000000000        0x0 c:/st/stm32cubeide_1.6.0/stm32cubeide/plugins/com.st.stm32cube.ide.mcu.externaltools.gnu-tools-for-stm32.9-2020-q2-update.win32_1.5.0.202011040924/tools/bin/../lib/gcc/arm-none-eabi/9.3.1/thumb/v7-m/nofp/crti.o
 .bss           0x0000000000000000        0x0 c:/st/stm32cubeide_1.6.0/stm32cubeide/plugins/com.st.stm32cube.ide.mcu.externaltools.gnu-tools-for-stm32.9-2020-q2-update.win32_1.5.0.202011040924/tools/bin/../lib/gcc/arm-none-eabi/9.3.1/thumb/v7-m/nofp/crti.o
 .data          0x0000000000000000        0x4 c:/st/stm32cubeide_1.6.0/stm32cubeide/plugins/com.st.stm32cube.ide.mcu.externaltools.gnu-tools-for-stm32.9-2020-q2-update.win32_1.5.0.202011040924/tools/bin/../lib/gcc/arm-none-eabi/9.3.1/thumb/v7-m/nofp/crtbegin.o
 .text          0x0000000000000000       0x7c c:/st/stm32cubeide_1.6.0/stm32cubeide/plugins/com.st.stm32cube.ide.mcu.externaltools.gnu-tools-for-stm32.9-2020-q2-update.win32_1.5.0.202011040924/tools/bin/../lib/gcc/arm-none-eabi/9.3.1/../../../../arm-none-eabi/lib/thumb/v7-m/nofp/crt0.o
 .data          0x0000000000000000        0x0 c:/st/stm32cubeide_1.6.0/stm32cubeide/plugins/com.st.stm32cube.ide.mcu.externaltools.gnu-tools-for-stm32.9-2020-q2-update.win32_1.5.0.202011040924/tools/bin/../lib/gcc/arm-none-eabi/9.3.1/../../../../arm-none-eabi/lib/thumb/v7-m/nofp/crt0.o
[...]
Memory Configuration

Name             Origin             Length             Attributes
RAM              0x0000000020000000 0x0000000000005000 xrw
FLASH            0x0000000008000000 0x0000000000010000 xr
*default*        0x0000000000000000 0xffffffffffffffff

Linker script and memory map

LOAD c:/st/stm32cubeide_1.6.0/stm32cubeide/plugins/com.st.stm32cube.ide.mcu.externaltools.gnu-tools-for-stm32.9-2020-q2-update.win32_1.5.0.202011040924/tools/bin/../lib/gcc/arm-none-eabi/9.3.1/thumb/v7-m/nofp/crti.o
LOAD c:/st/stm32cubeide_1.6.0/stm32cubeide/plugins/com.st.stm32cube.ide.mcu.externaltools.gnu-tools-for-stm32.9-2020-q2-update.win32_1.5.0.202011040924/tools/bin/../lib/gcc/arm-none-eabi/9.3.1/thumb/v7-m/nofp/crtbegin.o
LOAD c:/st/stm32cubeide_1.6.0/stm32cubeide/plugins/com.st.stm32cube.ide.mcu.externaltools.gnu-tools-for-stm32.9-2020-q2-update.win32_1.5.0.202011040924/tools/bin/../lib/gcc/arm-none-eabi/9.3.1/../../../../arm-none-eabi/lib/thumb/v7-m/nofp/crt0.o
LOAD Core/Src/main.o
LOAD Core/Src/stm32f1xx_hal_msp.o
LOAD Core/Src/stm32f1xx_it.o
LOAD Core/Src/syscalls.o
LOAD Core/Src/sysmem.o
LOAD Core/Src/system_stm32f1xx.o
LOAD Core/Startup/startup_stm32f103c8tx.o
LOAD Drivers/STM32F1xx_HAL_Driver/Src/stm32f1xx_hal.o
LOAD Drivers/STM32F1xx_HAL_Driver/Src/stm32f1xx_hal_cortex.o
LOAD Drivers/STM32F1xx_HAL_Driver/Src/stm32f1xx_hal_dma.o
LOAD Drivers/STM32F1xx_HAL_Driver/Src/stm32f1xx_hal_exti.o
LOAD Drivers/STM32F1xx_HAL_Driver/Src/stm32f1xx_hal_flash.o
LOAD Drivers/STM32F1xx_HAL_Driver/Src/stm32f1xx_hal_flash_ex.o
LOAD Drivers/STM32F1xx_HAL_Driver/Src/stm32f1xx_hal_gpio.o
LOAD Drivers/STM32F1xx_HAL_Driver/Src/stm32f1xx_hal_gpio_ex.o
LOAD Drivers/STM32F1xx_HAL_Driver/Src/stm32f1xx_hal_pcd.o
LOAD Drivers/STM32F1xx_HAL_Driver/Src/stm32f1xx_hal_pcd_ex.o
LOAD Drivers/STM32F1xx_HAL_Driver/Src/stm32f1xx_hal_pwr.o
LOAD Drivers/STM32F1xx_HAL_Driver/Src/stm32f1xx_hal_rcc.o
LOAD Drivers/STM32F1xx_HAL_Driver/Src/stm32f1xx_hal_rcc_ex.o
LOAD Drivers/STM32F1xx_HAL_Driver/Src/stm32f1xx_hal_tim.o
LOAD Drivers/STM32F1xx_HAL_Driver/Src/stm32f1xx_hal_tim_ex.o
LOAD Drivers/STM32F1xx_HAL_Driver/Src/stm32f1xx_ll_usb.o
LOAD Middlewares/ST/STM32_USB_Device_Library/Class/CDC/Src/usbd_cdc.o
LOAD Middlewares/ST/STM32_USB_Device_Library/Core/Src/usbd_core.o
LOAD Middlewares/ST/STM32_USB_Device_Library/Core/Src/usbd_ctlreq.o
LOAD Middlewares/ST/STM32_USB_Device_Library/Core/Src/usbd_ioreq.o
LOAD USB_DEVICE/App/usb_device.o
LOAD USB_DEVICE/App/usbd_cdc_if.o
LOAD USB_DEVICE/App/usbd_desc.o
LOAD USB_DEVICE/Target/usbd_conf.o
START GROUP
LOAD c:/st/stm32cubeide_1.6.0/stm32cubeide/plugins/com.st.stm32cube.ide.mcu.externaltools.gnu-tools-for-stm32.9-2020-q2-update.win32_1.5.0.202011040924/tools/bin/../lib/gcc/arm-none-eabi/9.3.1/../../../../arm-none-eabi/lib/thumb/v7-m/nofp\libc_nano.a
LOAD c:/st/stm32cubeide_1.6.0/stm32cubeide/plugins/com.st.stm32cube.ide.mcu.externaltools.gnu-tools-for-stm32.9-2020-q2-update.win32_1.5.0.202011040924/tools/bin/../lib/gcc/arm-none-eabi/9.3.1/../../../../arm-none-eabi/lib/thumb/v7-m/nofp\libm.a
END GROUP
START GROUP
LOAD c:/st/stm32cubeide_1.6.0/stm32cubeide/plugins/com.st.stm32cube.ide.mcu.externaltools.gnu-tools-for-stm32.9-2020-q2-update.win32_1.5.0.202011040924/tools/bin/../lib/gcc/arm-none-eabi/9.3.1/thumb/v7-m/nofp\libgcc.a
LOAD c:/st/stm32cubeide_1.6.0/stm32cubeide/plugins/com.st.stm32cube.ide.mcu.externaltools.gnu-tools-for-stm32.9-2020-q2-update.win32_1.5.0.202011040924/tools/bin/../lib/gcc/arm-none-eabi/9.3.1/../../../../arm-none-eabi/lib/thumb/v7-m/nofp\libc_nano.a
END GROUP
START GROUP
LOAD c:/st/stm32cubeide_1.6.0/stm32cubeide/plugins/com.st.stm32cube.ide.mcu.externaltools.gnu-tools-for-stm32.9-2020-q2-update.win32_1.5.0.202011040924/tools/bin/../lib/gcc/arm-none-eabi/9.3.1/thumb/v7-m/nofp\libgcc.a
LOAD c:/st/stm32cubeide_1.6.0/stm32cubeide/plugins/com.st.stm32cube.ide.mcu.externaltools.gnu-tools-for-stm32.9-2020-q2-update.win32_1.5.0.202011040924/tools/bin/../lib/gcc/arm-none-eabi/9.3.1/../../../../arm-none-eabi/lib/thumb/v7-m/nofp\libc_nano.a
LOAD c:/st/stm32cubeide_1.6.0/stm32cubeide/plugins/com.st.stm32cube.ide.mcu.externaltools.gnu-tools-for-stm32.9-2020-q2-update.win32_1.5.0.202011040924/tools/bin/../lib/gcc/arm-none-eabi/9.3.1/../../../../arm-none-eabi/lib/thumb/v7-m/nofp\libnosys.a
END GROUP
START GROUP
LOAD c:/st/stm32cubeide_1.6.0/stm32cubeide/plugins/com.st.stm32cube.ide.mcu.externaltools.gnu-tools-for-stm32.9-2020-q2-update.win32_1.5.0.202011040924/tools/bin/../lib/gcc/arm-none-eabi/9.3.1/thumb/v7-m/nofp\libgcc.a
LOAD c:/st/stm32cubeide_1.6.0/stm32cubeide/plugins/com.st.stm32cube.ide.mcu.externaltools.gnu-tools-for-stm32.9-2020-q2-update.win32_1.5.0.202011040924/tools/bin/../lib/gcc/arm-none-eabi/9.3.1/../../../../arm-none-eabi/lib/thumb/v7-m/nofp\libc_nano.a
LOAD c:/st/stm32cubeide_1.6.0/stm32cubeide/plugins/com.st.stm32cube.ide.mcu.externaltools.gnu-tools-for-stm32.9-2020-q2-update.win32_1.5.0.202011040924/tools/bin/../lib/gcc/arm-none-eabi/9.3.1/../../../../arm-none-eabi/lib/thumb/v7-m/nofp\libnosys.a
END GROUP
LOAD c:/st/stm32cubeide_1.6.0/stm32cubeide/plugins/com.st.stm32cube.ide.mcu.externaltools.gnu-tools-for-stm32.9-2020-q2-update.win32_1.5.0.202011040924/tools/bin/../lib/gcc/arm-none-eabi/9.3.1/thumb/v7-m/nofp/crtend.o
LOAD c:/st/stm32cubeide_1.6.0/stm32cubeide/plugins/com.st.stm32cube.ide.mcu.externaltools.gnu-tools-for-stm32.9-2020-q2-update.win32_1.5.0.202011040924/tools/bin/../lib/gcc/arm-none-eabi/9.3.1/thumb/v7-m/nofp/crtn.o
                0x0000000020005000                _estack = (ORIGIN (RAM) + LENGTH (RAM))
                0x0000000000000200                _Min_Heap_Size = 0x200
                0x0000000000000400                _Min_Stack_Size = 0x400

.isr_vector     0x0000000008000000      0x10c
                0x0000000008000000                . = ALIGN (0x4)
 *(.isr_vector)
 .isr_vector    0x0000000008000000      0x10c Core/Startup/startup_stm32f103c8tx.o
                0x0000000008000000                g_pfnVectors
                0x000000000800010c                . = ALIGN (0x4)

.text           0x000000000800010c     0x6828
                0x000000000800010c                . = ALIGN (0x4)
 *(.text)
 .text          0x000000000800010c       0x40 c:/st/stm32cubeide_1.6.0/stm32cubeide/plugins/com.st.stm32cube.ide.mcu.externaltools.gnu-tools-for-stm32.9-2020-q2-update.win32_1.5.0.202011040924/tools/bin/../lib/gcc/arm-none-eabi/9.3.1/thumb/v7-m/nofp/crtbegin.o
 *(.text*)
 .text.main     0x000000000800014c       0x2c Core/Src/main.o
                0x000000000800014c                main
 .text.SystemClock_Config
                0x0000000008000178       0xb4 Core/Src/main.o
                0x0000000008000178                SystemClock_Config
 .text.MX_GPIO_Init
                0x000000000800022c       0x44 Core/Src/main.o
 .text.Error_Handler
                0x0000000008000270        0xa Core/Src/main.o
                0x0000000008000270                Error_Handler
 *fill*         0x000000000800027a        0x2 
 .text.HAL_MspInit
                0x000000000800027c       0x64 Core/Src/stm32f1xx_hal_msp.o
                0x000000000800027c                HAL_MspInit
 .text.NMI_Handler
                0x00000000080002e0        0x6 Core/Src/stm32f1xx_it.o
                0x00000000080002e0                NMI_Handler
 .text.HardFault_Handler
                0x00000000080002e6        0x6 Core/Src/stm32f1xx_it.o
                0x00000000080002e6                HardFault_Handler
 .text.MemManage_Handler
                0x00000000080002ec        0x6 Core/Src/stm32f1xx_it.o
                0x00000000080002ec                MemManage_Handler
 .text.BusFault_Handler
                0x00000000080002f2        0x6 Core/Src/stm32f1xx_it.o
                0x00000000080002f2                BusFault_Handler
 .text.UsageFault_Handler
                0x00000000080002f8        0x6 Core/Src/stm32f1xx_it.o
                0x00000000080002f8                UsageFault_Handler
 .text.SVC_Handler
                0x00000000080002fe        0xc Core/Src/stm32f1xx_it.o
                0x00000000080002fe                SVC_Handler
 .text.DebugMon_Handler
                0x000000000800030a        0xc Core/Src/stm32f1xx_it.o
                0x000000000800030a                DebugMon_Handler
 .text.PendSV_Handler
                0x0000000008000316        0xc Core/Src/stm32f1xx_it.o
                0x0000000008000316                PendSV_Handler
 .text.SysTick_Handler
                0x0000000008000322        0xc Core/Src/stm32f1xx_it.o
                0x0000000008000322                SysTick_Handler
 *fill*         0x000000000800032e        0x2 
 .text.USB_HP_CAN1_TX_IRQHandler
                0x0000000008000330       0x14 Core/Src/stm32f1xx_it.o
                0x0000000008000330                USB_HP_CAN1_TX_IRQHandler
 .text.USB_LP_CAN1_RX0_IRQHandler
                0x0000000008000344       0x14 Core/Src/stm32f1xx_it.o
                0x0000000008000344                USB_LP_CAN1_RX0_IRQHandler
 .text.SystemInit
                0x0000000008000358        0xc Core/Src/system_stm32f1xx.o
                0x0000000008000358                SystemInit
 .text.Reset_Handler
                0x0000000008000364       0x48 Core/Startup/startup_stm32f103c8tx.o
                0x0000000008000364                Reset_Handler
 .text.Default_Handler
                0x00000000080003ac        0x2 Core/Startup/startup_stm32f103c8tx.o
                0x00000000080003ac                RTC_Alarm_IRQHandler
                0x00000000080003ac                EXTI2_IRQHandler
                0x00000000080003ac                TIM1_CC_IRQHandler
                0x00000000080003ac                PVD_IRQHandler
                0x00000000080003ac                EXTI3_IRQHandler
                0x00000000080003ac                EXTI0_IRQHandler
                0x00000000080003ac                I2C2_EV_IRQHandler
                0x00000000080003ac                ADC1_2_IRQHandler
                0x00000000080003ac                SPI1_IRQHandler
                0x00000000080003ac                TAMPER_IRQHandler
                0x00000000080003ac                DMA1_Channel4_IRQHandler
                0x00000000080003ac                USART3_IRQHandler
                0x00000000080003ac                RTC_IRQHandler
                0x00000000080003ac                DMA1_Channel7_IRQHandler
                0x00000000080003ac                CAN1_RX1_IRQHandler
                0x00000000080003ac                TIM4_IRQHandler
                0x00000000080003ac                I2C1_EV_IRQHandler
                0x00000000080003ac                DMA1_Channel6_IRQHandler
                0x00000000080003ac                TIM3_IRQHandler
                0x00000000080003ac                RCC_IRQHandler
                0x00000000080003ac                TIM1_TRG_COM_IRQHandler
                0x00000000080003ac                DMA1_Channel1_IRQHandler
                0x00000000080003ac                Default_Handler
                0x00000000080003ac                EXTI15_10_IRQHandler
                0x00000000080003ac                EXTI9_5_IRQHandler
                0x00000000080003ac                SPI2_IRQHandler
                0x00000000080003ac                DMA1_Channel5_IRQHandler
                0x00000000080003ac                EXTI4_IRQHandler
                0x00000000080003ac                DMA1_Channel3_IRQHandler
                0x00000000080003ac                TIM1_UP_IRQHandler
                0x00000000080003ac                WWDG_IRQHandler
                0x00000000080003ac                TIM2_IRQHandler
                0x00000000080003ac                TIM1_BRK_IRQHandler
                0x00000000080003ac                EXTI1_IRQHandler
                0x00000000080003ac                USART2_IRQHandler
                0x00000000080003ac                I2C2_ER_IRQHandler
                0x00000000080003ac                DMA1_Channel2_IRQHandler
                0x00000000080003ac                CAN1_SCE_IRQHandler
                0x00000000080003ac                FLASH_IRQHandler
                0x00000000080003ac                USART1_IRQHandler
                0x00000000080003ac                I2C1_ER_IRQHandler
                0x00000000080003ac                USBWakeUp_IRQHandler
 *fill*         0x00000000080003ae        0x2 
 .text.HAL_Init
                0x00000000080003b0       0x2c Drivers/STM32F1xx_HAL_Driver/Src/stm32f1xx_hal.o
                0x00000000080003b0                HAL_Init
 .text.HAL_InitTick
                0x00000000080003dc       0x60 Drivers/STM32F1xx_HAL_Driver/Src/stm32f1xx_hal.o
                0x00000000080003dc                HAL_InitTick
 .text.HAL_IncTick
                0x000000000800043c       0x24 Drivers/STM32F1xx_HAL_Driver/Src/stm32f1xx_hal.o
                0x000000000800043c                HAL_IncTick
 .text.HAL_GetTick
                0x0000000008000460       0x14 Drivers/STM32F1xx_HAL_Driver/Src/stm32f1xx_hal.o
                0x0000000008000460                HAL_GetTick
 .text.HAL_Delay
                0x0000000008000474       0x48 Drivers/STM32F1xx_HAL_Driver/Src/stm32f1xx_hal.o
                0x0000000008000474                HAL_Delay
 .text.__NVIC_SetPriorityGrouping
                0x00000000080004bc       0x48 Drivers/STM32F1xx_HAL_Driver/Src/stm32f1xx_hal_cortex.o
 .text.__NVIC_GetPriorityGrouping
                0x0000000008000504       0x1c Drivers/STM32F1xx_HAL_Driver/Src/stm32f1xx_hal_cortex.o
 .text.__NVIC_EnableIRQ
                0x0000000008000520       0x38 Drivers/STM32F1xx_HAL_Driver/Src/stm32f1xx_hal_cortex.o
 .text.__NVIC_SetPriority
                0x0000000008000558       0x54 Drivers/STM32F1xx_HAL_Driver/Src/stm32f1xx_hal_cortex.o
 .text.NVIC_EncodePriority
                0x00000000080005ac       0x64 Drivers/STM32F1xx_HAL_Driver/Src/stm32f1xx_hal_cortex.o
 .text.SysTick_Config
                0x0000000008000610       0x44 Drivers/STM32F1xx_HAL_Driver/Src/stm32f1xx_hal_cortex.o
 .text.HAL_NVIC_SetPriorityGrouping
                0x0000000008000654       0x16 Drivers/STM32F1xx_HAL_Driver/Src/stm32f1xx_hal_cortex.o
                0x0000000008000654                HAL_NVIC_SetPriorityGrouping
 .text.HAL_NVIC_SetPriority
                0x000000000800066a       0x38 Drivers/STM32F1xx_HAL_Driver/Src/stm32f1xx_hal_cortex.o
                0x000000000800066a                HAL_NVIC_SetPriority
 .text.HAL_NVIC_EnableIRQ
                0x00000000080006a2       0x1c Drivers/STM32F1xx_HAL_Driver/Src/stm32f1xx_hal_cortex.o
                0x00000000080006a2                HAL_NVIC_EnableIRQ
 .text.HAL_SYSTICK_Config
                0x00000000080006be       0x18 Drivers/STM32F1xx_HAL_Driver/Src/stm32f1xx_hal_cortex.o
                0x00000000080006be                HAL_SYSTICK_Config
 .text.HAL_PCD_Init
                0x00000000080006d6      0x216 Drivers/STM32F1xx_HAL_Driver/Src/stm32f1xx_hal_pcd.o
                0x00000000080006d6                HAL_PCD_Init
 .text.HAL_PCD_Start
                0x00000000080008ec       0x4c Drivers/STM32F1xx_HAL_Driver/Src/stm32f1xx_hal_pcd.o
                0x00000000080008ec                HAL_PCD_Start
 .text.HAL_PCD_IRQHandler
                0x0000000008000938      0x2aa Drivers/STM32F1xx_HAL_Driver/Src/stm32f1xx_hal_pcd.o
                0x0000000008000938                HAL_PCD_IRQHandler
 .text.HAL_PCD_SetAddress
                0x0000000008000be2       0x4a Drivers/STM32F1xx_HAL_Driver/Src/stm32f1xx_hal_pcd.o
                0x0000000008000be2                HAL_PCD_SetAddress
 .text.HAL_PCD_EP_Open
                0x0000000008000c2c       0xcc Drivers/STM32F1xx_HAL_Driver/Src/stm32f1xx_hal_pcd.o
                0x0000000008000c2c                HAL_PCD_EP_Open
 .text.HAL_PCD_EP_Close
                0x0000000008000cf8       0x90 Drivers/STM32F1xx_HAL_Driver/Src/stm32f1xx_hal_pcd.o
                0x0000000008000cf8                HAL_PCD_EP_Close
 .text.HAL_PCD_EP_Receive
                0x0000000008000d88       0x7a Drivers/STM32F1xx_HAL_Driver/Src/stm32f1xx_hal_pcd.o
                0x0000000008000d88                HAL_PCD_EP_Receive
 .text.HAL_PCD_EP_GetRxCount
                0x0000000008000e02       0x2e Drivers/STM32F1xx_HAL_Driver/Src/stm32f1xx_hal_pcd.o
                0x0000000008000e02                HAL_PCD_EP_GetRxCount
 .text.HAL_PCD_EP_Transmit
                0x0000000008000e30       0x86 Drivers/STM32F1xx_HAL_Driver/Src/stm32f1xx_hal_pcd.o
                0x0000000008000e30                HAL_PCD_EP_Transmit
 .text.HAL_PCD_EP_SetStall
                0x0000000008000eb6       0xc0 Drivers/STM32F1xx_HAL_Driver/Src/stm32f1xx_hal_pcd.o
                0x0000000008000eb6                HAL_PCD_EP_SetStall
 .text.HAL_PCD_EP_ClrStall
                0x0000000008000f76       0xa8 Drivers/STM32F1xx_HAL_Driver/Src/stm32f1xx_hal_pcd.o
                0x0000000008000f76                HAL_PCD_EP_ClrStall
 .text.PCD_EP_ISR_Handler
                0x000000000800101e      0x5e6 Drivers/STM32F1xx_HAL_Driver/Src/stm32f1xx_hal_pcd.o
 .text.HAL_PCD_EP_DB_Receive
                0x0000000008001604      0x21a Drivers/STM32F1xx_HAL_Driver/Src/stm32f1xx_hal_pcd.o
 .text.HAL_PCD_EP_DB_Transmit
                0x000000000800181e      0x556 Drivers/STM32F1xx_HAL_Driver/Src/stm32f1xx_hal_pcd.o
 .text.HAL_PCDEx_PMAConfig
                0x0000000008001d74       0x84 Drivers/STM32F1xx_HAL_Driver/Src/stm32f1xx_hal_pcd_ex.o
                0x0000000008001d74                HAL_PCDEx_PMAConfig
 .text.HAL_RCC_OscConfig
                0x0000000008001df8      0x500 Drivers/STM32F1xx_HAL_Driver/Src/stm32f1xx_hal_rcc.o
                0x0000000008001df8                HAL_RCC_OscConfig
 .text.HAL_RCC_ClockConfig
                0x00000000080022f8      0x1d4 Drivers/STM32F1xx_HAL_Driver/Src/stm32f1xx_hal_rcc.o
                0x00000000080022f8                HAL_RCC_ClockConfig
 .text.HAL_RCC_GetSysClockFreq
                0x00000000080024cc       0xc0 Drivers/STM32F1xx_HAL_Driver/Src/stm32f1xx_hal_rcc.o
                0x00000000080024cc                HAL_RCC_GetSysClockFreq
 .text.RCC_Delay
                0x000000000800258c       0x3c Drivers/STM32F1xx_HAL_Driver/Src/stm32f1xx_hal_rcc.o
 .text.HAL_RCCEx_PeriphCLKConfig
                0x00000000080025c8      0x16c Drivers/STM32F1xx_HAL_Driver/Src/stm32f1xx_hal_rcc_ex.o
                0x00000000080025c8                HAL_RCCEx_PeriphCLKConfig
 .text.USB_CoreInit
                0x0000000008002734       0x20 Drivers/STM32F1xx_HAL_Driver/Src/stm32f1xx_ll_usb.o
                0x0000000008002734                USB_CoreInit
 .text.USB_EnableGlobalInt
                0x0000000008002754       0x2c Drivers/STM32F1xx_HAL_Driver/Src/stm32f1xx_ll_usb.o
                0x0000000008002754                USB_EnableGlobalInt
 .text.USB_DisableGlobalInt
                0x0000000008002780       0x34 Drivers/STM32F1xx_HAL_Driver/Src/stm32f1xx_ll_usb.o
                0x0000000008002780                USB_DisableGlobalInt
 .text.USB_SetCurrentMode
                0x00000000080027b4       0x18 Drivers/STM32F1xx_HAL_Driver/Src/stm32f1xx_ll_usb.o
                0x00000000080027b4                USB_SetCurrentMode
 .text.USB_DevInit
                0x00000000080027cc       0x40 Drivers/STM32F1xx_HAL_Driver/Src/stm32f1xx_ll_usb.o
                0x00000000080027cc                USB_DevInit
 .text.USB_ActivateEndpoint
                0x000000000800280c      0x6d4 Drivers/STM32F1xx_HAL_Driver/Src/stm32f1xx_ll_usb.o
                0x000000000800280c                USB_ActivateEndpoint
 .text.USB_DeactivateEndpoint
                0x0000000008002ee0      0x3d8 Drivers/STM32F1xx_HAL_Driver/Src/stm32f1xx_ll_usb.o
                0x0000000008002ee0                USB_DeactivateEndpoint
 .text.USB_EPStartXfer
                0x00000000080032b8     0x1240 Drivers/STM32F1xx_HAL_Driver/Src/stm32f1xx_ll_usb.o
                0x00000000080032b8                USB_EPStartXfer
 .text.USB_EPSetStall
                0x00000000080044f8       0xa0 Drivers/STM32F1xx_HAL_Driver/Src/stm32f1xx_ll_usb.o
                0x00000000080044f8                USB_EPSetStall
 .text.USB_EPClearStall
                0x0000000008004598      0x15a Drivers/STM32F1xx_HAL_Driver/Src/stm32f1xx_ll_usb.o
                0x0000000008004598                USB_EPClearStall
 .text.USB_SetDevAddress
                0x00000000080046f2       0x26 Drivers/STM32F1xx_HAL_Driver/Src/stm32f1xx_ll_usb.o
                0x00000000080046f2                USB_SetDevAddress
 .text.USB_DevConnect
                0x0000000008004718       0x14 Drivers/STM32F1xx_HAL_Driver/Src/stm32f1xx_ll_usb.o
                0x0000000008004718                USB_DevConnect
 .text.USB_DevDisconnect
                0x000000000800472c       0x14 Drivers/STM32F1xx_HAL_Driver/Src/stm32f1xx_ll_usb.o
                0x000000000800472c                USB_DevDisconnect
 .text.USB_ReadInterrupts
                0x0000000008004740       0x1e Drivers/STM32F1xx_HAL_Driver/Src/stm32f1xx_ll_usb.o
                0x0000000008004740                USB_ReadInterrupts
 .text.USB_EP0_OutStart
                0x000000000800475e       0x16 Drivers/STM32F1xx_HAL_Driver/Src/stm32f1xx_ll_usb.o
                0x000000000800475e                USB_EP0_OutStart
 .text.USB_WritePMA
                0x0000000008004774       0x8a Drivers/STM32F1xx_HAL_Driver/Src/stm32f1xx_ll_usb.o
                0x0000000008004774                USB_WritePMA
 .text.USB_ReadPMA
                0x00000000080047fe       0x9e Drivers/STM32F1xx_HAL_Driver/Src/stm32f1xx_ll_usb.o
                0x00000000080047fe                USB_ReadPMA
 .text.USBD_CDC_Init
                0x000000000800489c       0xf4 Middlewares/ST/STM32_USB_Device_Library/Class/CDC/Src/usbd_cdc.o
 .text.USBD_CDC_DeInit
                0x0000000008004990       0x6e Middlewares/ST/STM32_USB_Device_Library/Class/CDC/Src/usbd_cdc.o
 .text.USBD_CDC_Setup
                0x00000000080049fe      0x146 Middlewares/ST/STM32_USB_Device_Library/Class/CDC/Src/usbd_cdc.o
 .text.USBD_CDC_DataIn
                0x0000000008004b44       0xa6 Middlewares/ST/STM32_USB_Device_Library/Class/CDC/Src/usbd_cdc.o
 .text.USBD_CDC_DataOut
                0x0000000008004bea       0x56 Middlewares/ST/STM32_USB_Device_Library/Class/CDC/Src/usbd_cdc.o
 .text.USBD_CDC_EP0_RxReady
                0x0000000008004c40       0x50 Middlewares/ST/STM32_USB_Device_Library/Class/CDC/Src/usbd_cdc.o
 .text.USBD_CDC_GetFSCfgDesc
                0x0000000008004c90       0x20 Middlewares/ST/STM32_USB_Device_Library/Class/CDC/Src/usbd_cdc.o
 .text.USBD_CDC_GetHSCfgDesc
                0x0000000008004cb0       0x20 Middlewares/ST/STM32_USB_Device_Library/Class/CDC/Src/usbd_cdc.o
 .text.USBD_CDC_GetOtherSpeedCfgDesc
                0x0000000008004cd0       0x20 Middlewares/ST/STM32_USB_Device_Library/Class/CDC/Src/usbd_cdc.o
 .text.USBD_CDC_GetDeviceQualifierDescriptor
                0x0000000008004cf0       0x20 Middlewares/ST/STM32_USB_Device_Library/Class/CDC/Src/usbd_cdc.o
                0x0000000008004cf0                USBD_CDC_GetDeviceQualifierDescriptor
 .text.USBD_CDC_RegisterInterface
                0x0000000008004d10       0x2c Middlewares/ST/STM32_USB_Device_Library/Class/CDC/Src/usbd_cdc.o
                0x0000000008004d10                USBD_CDC_RegisterInterface
 .text.USBD_CDC_SetTxBuffer
                0x0000000008004d3c       0x32 Middlewares/ST/STM32_USB_Device_Library/Class/CDC/Src/usbd_cdc.o
                0x0000000008004d3c                USBD_CDC_SetTxBuffer
 .text.USBD_CDC_SetRxBuffer
                0x0000000008004d6e       0x26 Middlewares/ST/STM32_USB_Device_Library/Class/CDC/Src/usbd_cdc.o
                0x0000000008004d6e                USBD_CDC_SetRxBuffer
 .text.USBD_CDC_TransmitPacket
                0x0000000008004d94       0x5e Middlewares/ST/STM32_USB_Device_Library/Class/CDC/Src/usbd_cdc.o
                0x0000000008004d94                USBD_CDC_TransmitPacket
 .text.USBD_CDC_ReceivePacket
                0x0000000008004df2       0x54 Middlewares/ST/STM32_USB_Device_Library/Class/CDC/Src/usbd_cdc.o
                0x0000000008004df2                USBD_CDC_ReceivePacket
 .text.USBD_Init
                0x0000000008004e46       0x56 Middlewares/ST/STM32_USB_Device_Library/Core/Src/usbd_core.o
                0x0000000008004e46                USBD_Init
 .text.USBD_RegisterClass
                0x0000000008004e9c       0x32 Middlewares/ST/STM32_USB_Device_Library/Core/Src/usbd_core.o
                0x0000000008004e9c                USBD_RegisterClass
 .text.USBD_Start
                0x0000000008004ece       0x18 Middlewares/ST/STM32_USB_Device_Library/Core/Src/usbd_core.o
                0x0000000008004ece                USBD_Start
 .text.USBD_RunTestMode
                0x0000000008004ee6       0x14 Middlewares/ST/STM32_USB_Device_Library/Core/Src/usbd_core.o
                0x0000000008004ee6                USBD_RunTestMode
 .text.USBD_SetClassConfig
                0x0000000008004efa       0x3e Middlewares/ST/STM32_USB_Device_Library/Core/Src/usbd_core.o
                0x0000000008004efa                USBD_SetClassConfig
 .text.USBD_ClrClassConfig
                0x0000000008004f38       0x26 Middlewares/ST/STM32_USB_Device_Library/Core/Src/usbd_core.o
                0x0000000008004f38                USBD_ClrClassConfig
 .text.USBD_LL_SetupStage
                0x0000000008004f5e       0x9a Middlewares/ST/STM32_USB_Device_Library/Core/Src/usbd_core.o
                0x0000000008004f5e                USBD_LL_SetupStage
 .text.USBD_LL_DataOutStage
                0x0000000008004ff8       0xe2 Middlewares/ST/STM32_USB_Device_Library/Core/Src/usbd_core.o
                0x0000000008004ff8                USBD_LL_DataOutStage
 .text.USBD_LL_DataInStage
                0x00000000080050da      0x14a Middlewares/ST/STM32_USB_Device_Library/Core/Src/usbd_core.o
                0x00000000080050da                USBD_LL_DataInStage
 .text.USBD_LL_Reset
                0x0000000008005224       0x82 Middlewares/ST/STM32_USB_Device_Library/Core/Src/usbd_core.o
                0x0000000008005224                USBD_LL_Reset
 .text.USBD_LL_SetSpeed
                0x00000000080052a6       0x1e Middlewares/ST/STM32_USB_Device_Library/Core/Src/usbd_core.o
                0x00000000080052a6                USBD_LL_SetSpeed
 .text.USBD_LL_Suspend
                0x00000000080052c4       0x28 Middlewares/ST/STM32_USB_Device_Library/Core/Src/usbd_core.o
                0x00000000080052c4                USBD_LL_Suspend
 .text.USBD_LL_Resume
                0x00000000080052ec       0x2a Middlewares/ST/STM32_USB_Device_Library/Core/Src/usbd_core.o
                0x00000000080052ec                USBD_LL_Resume
 .text.USBD_LL_SOF
                0x0000000008005316       0x34 Middlewares/ST/STM32_USB_Device_Library/Core/Src/usbd_core.o
                0x0000000008005316                USBD_LL_SOF
 *fill*         0x000000000800534a        0x2 
 .text.USBD_StdDevReq
                0x000000000800534c       0xd4 Middlewares/ST/STM32_USB_Device_Library/Core/Src/usbd_ctlreq.o
                0x000000000800534c                USBD_StdDevReq
 .text.USBD_StdItfReq
                0x0000000008005420       0x90 Middlewares/ST/STM32_USB_Device_Library/Core/Src/usbd_ctlreq.o
                0x0000000008005420                USBD_StdItfReq
 .text.USBD_StdEPReq
                0x00000000080054b0      0x2c6 Middlewares/ST/STM32_USB_Device_Library/Core/Src/usbd_ctlreq.o
                0x00000000080054b0                USBD_StdEPReq
 *fill*         0x0000000008005776        0x2 
 .text.USBD_GetDescriptor
                0x0000000008005778      0x2d0 Middlewares/ST/STM32_USB_Device_Library/Core/Src/usbd_ctlreq.o
 .text.USBD_SetAddress
                0x0000000008005a48       0x86 Middlewares/ST/STM32_USB_Device_Library/Core/Src/usbd_ctlreq.o
 *fill*         0x0000000008005ace        0x2 
 .text.USBD_SetConfig
                0x0000000008005ad0      0x11c Middlewares/ST/STM32_USB_Device_Library/Core/Src/usbd_ctlreq.o
 .text.USBD_GetConfig
                0x0000000008005bec       0x6a Middlewares/ST/STM32_USB_Device_Library/Core/Src/usbd_ctlreq.o
 .text.USBD_GetStatus
                0x0000000008005c56       0x66 Middlewares/ST/STM32_USB_Device_Library/Core/Src/usbd_ctlreq.o
 .text.USBD_SetFeature
                0x0000000008005cbc       0x28 Middlewares/ST/STM32_USB_Device_Library/Core/Src/usbd_ctlreq.o
 .text.USBD_ClrFeature
                0x0000000008005ce4       0x42 Middlewares/ST/STM32_USB_Device_Library/Core/Src/usbd_ctlreq.o
 .text.USBD_ParseSetupRequest
                0x0000000008005d26       0x78 Middlewares/ST/STM32_USB_Device_Library/Core/Src/usbd_ctlreq.o
                0x0000000008005d26                USBD_ParseSetupRequest
 .text.USBD_CtlError
                0x0000000008005d9e       0x22 Middlewares/ST/STM32_USB_Device_Library/Core/Src/usbd_ctlreq.o
                0x0000000008005d9e                USBD_CtlError
 .text.USBD_GetString
                0x0000000008005dc0       0x84 Middlewares/ST/STM32_USB_Device_Library/Core/Src/usbd_ctlreq.o
                0x0000000008005dc0                USBD_GetString
 .text.USBD_GetLen
                0x0000000008005e44       0x2e Middlewares/ST/STM32_USB_Device_Library/Core/Src/usbd_ctlreq.o
 .text.USBD_CtlSendData
                0x0000000008005e72       0x38 Middlewares/ST/STM32_USB_Device_Library/Core/Src/usbd_ioreq.o
                0x0000000008005e72                USBD_CtlSendData
 .text.USBD_CtlContinueSendData
                0x0000000008005eaa       0x24 Middlewares/ST/STM32_USB_Device_Library/Core/Src/usbd_ioreq.o
                0x0000000008005eaa                USBD_CtlContinueSendData
 .text.USBD_CtlPrepareRx
                0x0000000008005ece       0x3c Middlewares/ST/STM32_USB_Device_Library/Core/Src/usbd_ioreq.o
                0x0000000008005ece                USBD_CtlPrepareRx
 .text.USBD_CtlContinueRx
                0x0000000008005f0a       0x24 Middlewares/ST/STM32_USB_Device_Library/Core/Src/usbd_ioreq.o
                0x0000000008005f0a                USBD_CtlContinueRx
 .text.USBD_CtlSendStatus
                0x0000000008005f2e       0x26 Middlewares/ST/STM32_USB_Device_Library/Core/Src/usbd_ioreq.o
                0x0000000008005f2e                USBD_CtlSendStatus
 .text.USBD_CtlReceiveStatus
                0x0000000008005f54       0x26 Middlewares/ST/STM32_USB_Device_Library/Core/Src/usbd_ioreq.o
                0x0000000008005f54                USBD_CtlReceiveStatus
 *fill*         0x0000000008005f7a        0x2 
 .text.MX_USB_DEVICE_Init
                0x0000000008005f7c       0x60 USB_DEVICE/App/usb_device.o
                0x0000000008005f7c                MX_USB_DEVICE_Init
 .text.CDC_Init_FS
                0x0000000008005fdc       0x28 USB_DEVICE/App/usbd_cdc_if.o
 .text.CDC_DeInit_FS
                0x0000000008006004        0xe USB_DEVICE/App/usbd_cdc_if.o
 *fill*         0x0000000008006012        0x2 
 .text.CDC_Control_FS
                0x0000000008006014       0xbc USB_DEVICE/App/usbd_cdc_if.o
 .text.CDC_Receive_FS
                0x00000000080060d0       0x28 USB_DEVICE/App/usbd_cdc_if.o
 .text.CDC_Transmit_FS
                0x00000000080060f8       0x4c USB_DEVICE/App/usbd_cdc_if.o
                0x00000000080060f8                CDC_Transmit_FS
 .text.USBD_FS_DeviceDescriptor
                0x0000000008006144       0x24 USB_DEVICE/App/usbd_desc.o
                0x0000000008006144                USBD_FS_DeviceDescriptor
 .text.USBD_FS_LangIDStrDescriptor
                0x0000000008006168       0x24 USB_DEVICE/App/usbd_desc.o
                0x0000000008006168                USBD_FS_LangIDStrDescriptor
 .text.USBD_FS_ProductStrDescriptor
                0x000000000800618c       0x3c USB_DEVICE/App/usbd_desc.o
                0x000000000800618c                USBD_FS_ProductStrDescriptor
 .text.USBD_FS_ManufacturerStrDescriptor
                0x00000000080061c8       0x28 USB_DEVICE/App/usbd_desc.o
                0x00000000080061c8                USBD_FS_ManufacturerStrDescriptor
 .text.USBD_FS_SerialStrDescriptor
                0x00000000080061f0       0x24 USB_DEVICE/App/usbd_desc.o
                0x00000000080061f0                USBD_FS_SerialStrDescriptor
 .text.USBD_FS_ConfigStrDescriptor
                0x0000000008006214       0x3c USB_DEVICE/App/usbd_desc.o
                0x0000000008006214                USBD_FS_ConfigStrDescriptor
 .text.USBD_FS_InterfaceStrDescriptor
                0x0000000008006250       0x3c USB_DEVICE/App/usbd_desc.o
                0x0000000008006250                USBD_FS_InterfaceStrDescriptor
 .text.Get_SerialNum
                0x000000000800628c       0x58 USB_DEVICE/App/usbd_desc.o
 .text.IntToUnicode
                0x00000000080062e4       0x7c USB_DEVICE/App/usbd_desc.o
 .text.HAL_PCD_MspInit
                0x0000000008006360       0x5c USB_DEVICE/Target/usbd_conf.o
                0x0000000008006360                HAL_PCD_MspInit
 .text.HAL_PCD_SetupStageCallback
                0x00000000080063bc       0x24 USB_DEVICE/Target/usbd_conf.o
                0x00000000080063bc                HAL_PCD_SetupStageCallback
 .text.HAL_PCD_DataOutStageCallback
                0x00000000080063e0       0x36 USB_DEVICE/Target/usbd_conf.o
                0x00000000080063e0                HAL_PCD_DataOutStageCallback
 .text.HAL_PCD_DataInStageCallback
                0x0000000008006416       0x34 USB_DEVICE/Target/usbd_conf.o
                0x0000000008006416                HAL_PCD_DataInStageCallback
 .text.HAL_PCD_SOFCallback
                0x000000000800644a       0x1c USB_DEVICE/Target/usbd_conf.o
                0x000000000800644a                HAL_PCD_SOFCallback
 .text.HAL_PCD_ResetCallback
                0x0000000008006466       0x3c USB_DEVICE/Target/usbd_conf.o
                0x0000000008006466                HAL_PCD_ResetCallback
 *fill*         0x00000000080064a2        0x2 
 .text.HAL_PCD_SuspendCallback
                0x00000000080064a4       0x34 USB_DEVICE/Target/usbd_conf.o
                0x00000000080064a4                HAL_PCD_SuspendCallback
 .text.HAL_PCD_ResumeCallback
                0x00000000080064d8       0x1c USB_DEVICE/Target/usbd_conf.o
                0x00000000080064d8                HAL_PCD_ResumeCallback
 .text.USBD_LL_Init
                0x00000000080064f4       0xb4 USB_DEVICE/Target/usbd_conf.o
                0x00000000080064f4                USBD_LL_Init
 .text.USBD_LL_Start
                0x00000000080065a8       0x36 USB_DEVICE/Target/usbd_conf.o
                0x00000000080065a8                USBD_LL_Start
 .text.USBD_LL_OpenEP
                0x00000000080065de       0x4c USB_DEVICE/Target/usbd_conf.o
                0x00000000080065de                USBD_LL_OpenEP
 .text.USBD_LL_CloseEP
                0x000000000800662a       0x3e USB_DEVICE/Target/usbd_conf.o
                0x000000000800662a                USBD_LL_CloseEP
 .text.USBD_LL_StallEP
                0x0000000008006668       0x3e USB_DEVICE/Target/usbd_conf.o
                0x0000000008006668                USBD_LL_StallEP
 .text.USBD_LL_ClearStallEP
                0x00000000080066a6       0x3e USB_DEVICE/Target/usbd_conf.o
                0x00000000080066a6                USBD_LL_ClearStallEP
 .text.USBD_LL_IsStallEP
                0x00000000080066e4       0x58 USB_DEVICE/Target/usbd_conf.o
                0x00000000080066e4                USBD_LL_IsStallEP
 .text.USBD_LL_SetUSBAddress
                0x000000000800673c       0x3e USB_DEVICE/Target/usbd_conf.o
                0x000000000800673c                USBD_LL_SetUSBAddress
 .text.USBD_LL_Transmit
                0x000000000800677a       0x46 USB_DEVICE/Target/usbd_conf.o
                0x000000000800677a                USBD_LL_Transmit
 .text.USBD_LL_PrepareReceive
                0x00000000080067c0       0x46 USB_DEVICE/Target/usbd_conf.o
                0x00000000080067c0                USBD_LL_PrepareReceive
 .text.USBD_LL_GetRxDataSize
                0x0000000008006806       0x26 USB_DEVICE/Target/usbd_conf.o
                0x0000000008006806                USBD_LL_GetRxDataSize
 .text.USBD_static_malloc
                0x000000000800682c       0x18 USB_DEVICE/Target/usbd_conf.o
                0x000000000800682c                USBD_static_malloc
 .text.USBD_static_free
                0x0000000008006844       0x12 USB_DEVICE/Target/usbd_conf.o
                0x0000000008006844                USBD_static_free
 .text.HAL_PCDEx_SetConnectionState
                0x0000000008006856       0x16 USB_DEVICE/Target/usbd_conf.o
                0x0000000008006856                HAL_PCDEx_SetConnectionState
 .text.USBD_Get_USB_Status
                0x000000000800686c       0x58 USB_DEVICE/Target/usbd_conf.o
 .text.__libc_init_array
                0x00000000080068c4       0x48 c:/st/stm32cubeide_1.6.0/stm32cubeide/plugins/com.st.stm32cube.ide.mcu.externaltools.gnu-tools-for-stm32.9-2020-q2-update.win32_1.5.0.202011040924/tools/bin/../lib/gcc/arm-none-eabi/9.3.1/../../../../arm-none-eabi/lib/thumb/v7-m/nofp\libc_nano.a(lib_a-init.o)
                0x00000000080068c4                __libc_init_array
 .text.memset   0x000000000800690c       0x10 c:/st/stm32cubeide_1.6.0/stm32cubeide/plugins/com.st.stm32cube.ide.mcu.externaltools.gnu-tools-for-stm32.9-2020-q2-update.win32_1.5.0.202011040924/tools/bin/../lib/gcc/arm-none-eabi/9.3.1/../../../../arm-none-eabi/lib/thumb/v7-m/nofp\libc_nano.a(lib_a-memset.o)
                0x000000000800690c                memset
 *(.glue_7)
 .glue_7        0x000000000800691c        0x0 linker stubs
 *(.glue_7t)
 .glue_7t       0x000000000800691c        0x0 linker stubs
 *(.eh_frame)
 .eh_frame      0x000000000800691c        0x0 c:/st/stm32cubeide_1.6.0/stm32cubeide/plugins/com.st.stm32cube.ide.mcu.externaltools.gnu-tools-for-stm32.9-2020-q2-update.win32_1.5.0.202011040924/tools/bin/../lib/gcc/arm-none-eabi/9.3.1/thumb/v7-m/nofp/crtbegin.o
 *(.init)
 .init          0x000000000800691c        0x4 c:/st/stm32cubeide_1.6.0/stm32cubeide/plugins/com.st.stm32cube.ide.mcu.externaltools.gnu-tools-for-stm32.9-2020-q2-update.win32_1.5.0.202011040924/tools/bin/../lib/gcc/arm-none-eabi/9.3.1/thumb/v7-m/nofp/crti.o
                0x000000000800691c                _init
 .init          0x0000000008006920        0x8 c:/st/stm32cubeide_1.6.0/stm32cubeide/plugins/com.st.stm32cube.ide.mcu.externaltools.gnu-tools-for-stm32.9-2020-q2-update.win32_1.5.0.202011040924/tools/bin/../lib/gcc/arm-none-eabi/9.3.1/thumb/v7-m/nofp/crtn.o
 *(.fini)
 .fini          0x0000000008006928        0x4 c:/st/stm32cubeide_1.6.0/stm32cubeide/plugins/com.st.stm32cube.ide.mcu.externaltools.gnu-tools-for-stm32.9-2020-q2-update.win32_1.5.0.202011040924/tools/bin/../lib/gcc/arm-none-eabi/9.3.1/thumb/v7-m/nofp/crti.o
                0x0000000008006928                _fini
 .fini          0x000000000800692c        0x8 c:/st/stm32cubeide_1.6.0/stm32cubeide/plugins/com.st.stm32cube.ide.mcu.externaltools.gnu-tools-for-stm32.9-2020-q2-update.win32_1.5.0.202011040924/tools/bin/../lib/gcc/arm-none-eabi/9.3.1/thumb/v7-m/nofp/crtn.o
                0x0000000008006934                . = ALIGN (0x4)
                0x0000000008006934                _etext = .

.vfp11_veneer   0x0000000008006934        0x0
 .vfp11_veneer  0x0000000008006934        0x0 linker stubs

.v4_bx          0x0000000008006934        0x0
 .v4_bx         0x0000000008006934        0x0 linker stubs

.iplt           0x0000000008006934        0x0
 .iplt          0x0000000008006934        0x0 c:/st/stm32cubeide_1.6.0/stm32cubeide/plugins/com.st.stm32cube.ide.mcu.externaltools.gnu-tools-for-stm32.9-2020-q2-update.win32_1.5.0.202011040924/tools/bin/../lib/gcc/arm-none-eabi/9.3.1/thumb/v7-m/nofp/crtbegin.o

.rodata         0x0000000008006934       0x68
                0x0000000008006934                . = ALIGN (0x4)
 *(.rodata)
 .rodata        0x0000000008006934       0x10 Drivers/STM32F1xx_HAL_Driver/Src/stm32f1xx_hal_rcc.o
 .rodata        0x0000000008006944       0x46 USB_DEVICE/App/usbd_desc.o
 *(.rodata*)
 *fill*         0x000000000800698a        0x2 
 .rodata.AHBPrescTable
                0x000000000800698c       0x10 Core/Src/system_stm32f1xx.o
                0x000000000800698c                AHBPrescTable
                0x000000000800699c                . = ALIGN (0x4)

.rel.dyn        0x000000000800699c        0x0
 .rel.iplt      0x000000000800699c        0x0 c:/st/stm32cubeide_1.6.0/stm32cubeide/plugins/com.st.stm32cube.ide.mcu.externaltools.gnu-tools-for-stm32.9-2020-q2-update.win32_1.5.0.202011040924/tools/bin/../lib/gcc/arm-none-eabi/9.3.1/thumb/v7-m/nofp/crtbegin.o

.ARM.extab      0x000000000800699c        0x0
                0x000000000800699c                . = ALIGN (0x4)
 *(.ARM.extab* .gnu.linkonce.armextab.*)
                0x000000000800699c                . = ALIGN (0x4)

.ARM            0x000000000800699c        0x0
                0x000000000800699c                . = ALIGN (0x4)
                0x000000000800699c                __exidx_start = .
 *(.ARM.exidx*)
                0x000000000800699c                __exidx_end = .
                0x000000000800699c                . = ALIGN (0x4)

.preinit_array  0x000000000800699c        0x0
                0x000000000800699c                . = ALIGN (0x4)
                0x000000000800699c                PROVIDE (__preinit_array_start = .)
 *(.preinit_array*)
                0x000000000800699c                PROVIDE (__preinit_array_end = .)
                0x000000000800699c                . = ALIGN (0x4)

.init_array     0x000000000800699c        0x4
                0x000000000800699c                . = ALIGN (0x4)
                0x000000000800699c                PROVIDE (__init_array_start = .)
 *(SORT_BY_NAME(.init_array.*))
 *(.init_array*)
 .init_array    0x000000000800699c        0x4 c:/st/stm32cubeide_1.6.0/stm32cubeide/plugins/com.st.stm32cube.ide.mcu.externaltools.gnu-tools-for-stm32.9-2020-q2-update.win32_1.5.0.202011040924/tools/bin/../lib/gcc/arm-none-eabi/9.3.1/thumb/v7-m/nofp/crtbegin.o
                0x00000000080069a0                PROVIDE (__init_array_end = .)
                0x00000000080069a0                . = ALIGN (0x4)

.fini_array     0x00000000080069a0        0x4
                0x00000000080069a0                . = ALIGN (0x4)
                [!provide]                        PROVIDE (__fini_array_start = .)
 *(SORT_BY_NAME(.fini_array.*))
 *(.fini_array*)
 .fini_array    0x00000000080069a0        0x4 c:/st/stm32cubeide_1.6.0/stm32cubeide/plugins/com.st.stm32cube.ide.mcu.externaltools.gnu-tools-for-stm32.9-2020-q2-update.win32_1.5.0.202011040924/tools/bin/../lib/gcc/arm-none-eabi/9.3.1/thumb/v7-m/nofp/crtbegin.o
                [!provide]                        PROVIDE (__fini_array_end = .)
                0x00000000080069a4                . = ALIGN (0x4)
                0x00000000080069a4                _sidata = LOADADDR (.data)

.data           0x0000000020000000      0x18c load address 0x00000000080069a4
                0x0000000020000000                . = ALIGN (0x4)
                0x0000000020000000                _sdata = .
 *(.data)
 *(.data*)
 .data.buffer   0x0000000020000000        0xe Core/Src/main.o
                0x0000000020000000                buffer
 *fill*         0x000000002000000e        0x2 
 .data.SystemCoreClock
                0x0000000020000010        0x4 Core/Src/system_stm32f1xx.o
                0x0000000020000010                SystemCoreClock
 .data.uwTickPrio
                0x0000000020000014        0x4 Drivers/STM32F1xx_HAL_Driver/Src/stm32f1xx_hal.o
                0x0000000020000014                uwTickPrio
 .data.uwTickFreq
                0x0000000020000018        0x1 Drivers/STM32F1xx_HAL_Driver/Src/stm32f1xx_hal.o
                0x0000000020000018                uwTickFreq
 *fill*         0x0000000020000019        0x3 
 .data.USBD_CDC_DeviceQualifierDesc
                0x000000002000001c        0xa Middlewares/ST/STM32_USB_Device_Library/Class/CDC/Src/usbd_cdc.o
 *fill*         0x0000000020000026        0x2 
 .data.USBD_CDC
                0x0000000020000028       0x38 Middlewares/ST/STM32_USB_Device_Library/Class/CDC/Src/usbd_cdc.o
                0x0000000020000028                USBD_CDC
 .data.USBD_CDC_CfgHSDesc
                0x0000000020000060       0x43 Middlewares/ST/STM32_USB_Device_Library/Class/CDC/Src/usbd_cdc.o
                0x0000000020000060                USBD_CDC_CfgHSDesc
 *fill*         0x00000000200000a3        0x1 
 .data.USBD_CDC_CfgFSDesc
                0x00000000200000a4       0x43 Middlewares/ST/STM32_USB_Device_Library/Class/CDC/Src/usbd_cdc.o
                0x00000000200000a4                USBD_CDC_CfgFSDesc
 *fill*         0x00000000200000e7        0x1 
 .data.USBD_CDC_OtherSpeedCfgDesc
                0x00000000200000e8       0x43 Middlewares/ST/STM32_USB_Device_Library/Class/CDC/Src/usbd_cdc.o
                0x00000000200000e8                USBD_CDC_OtherSpeedCfgDesc
 *fill*         0x000000002000012b        0x1 
 .data.USBD_Interface_fops_FS
                0x000000002000012c       0x10 USB_DEVICE/App/usbd_cdc_if.o
                0x000000002000012c                USBD_Interface_fops_FS
 .data.FS_Desc  0x000000002000013c       0x1c USB_DEVICE/App/usbd_desc.o
                0x000000002000013c                FS_Desc
 .data.USBD_FS_DeviceDesc
                0x0000000020000158       0x12 USB_DEVICE/App/usbd_desc.o
                0x0000000020000158                USBD_FS_DeviceDesc
 *fill*         0x000000002000016a        0x2 
 .data.USBD_LangIDDesc
                0x000000002000016c        0x4 USB_DEVICE/App/usbd_desc.o
                0x000000002000016c                USBD_LangIDDesc
 .data.USBD_StringSerial
                0x0000000020000170       0x1a USB_DEVICE/App/usbd_desc.o
                0x0000000020000170                USBD_StringSerial
 *(.RamFunc)
 *(.RamFunc*)
                0x000000002000018c                . = ALIGN (0x4)
 *fill*         0x000000002000018a        0x2 
                0x000000002000018c                _edata = .

.igot.plt       0x000000002000018c        0x0 load address 0x0000000008006b30
 .igot.plt      0x000000002000018c        0x0 c:/st/stm32cubeide_1.6.0/stm32cubeide/plugins/com.st.stm32cube.ide.mcu.externaltools.gnu-tools-for-stm32.9-2020-q2-update.win32_1.5.0.202011040924/tools/bin/../lib/gcc/arm-none-eabi/9.3.1/thumb/v7-m/nofp/crtbegin.o
                0x000000002000018c                . = ALIGN (0x4)

.bss            0x000000002000018c     0x11c4 load address 0x0000000008006b30
                0x000000002000018c                _sbss = .
                0x000000002000018c                __bss_start__ = _sbss
 *(.bss)
 .bss           0x000000002000018c       0x1c c:/st/stm32cubeide_1.6.0/stm32cubeide/plugins/com.st.stm32cube.ide.mcu.externaltools.gnu-tools-for-stm32.9-2020-q2-update.win32_1.5.0.202011040924/tools/bin/../lib/gcc/arm-none-eabi/9.3.1/thumb/v7-m/nofp/crtbegin.o
 *(.bss*)
 .bss.cfgidx.7702
                0x00000000200001a8        0x1 Middlewares/ST/STM32_USB_Device_Library/Core/Src/usbd_ctlreq.o
 *fill*         0x00000000200001a9        0x3 
 .bss.mem.7772  0x00000000200001ac      0x220 USB_DEVICE/Target/usbd_conf.o
 *(COMMON)
 COMMON         0x00000000200003cc        0x4 Drivers/STM32F1xx_HAL_Driver/Src/stm32f1xx_hal.o
                0x00000000200003cc                uwTick
 COMMON         0x00000000200003d0      0x2c4 USB_DEVICE/App/usb_device.o
                0x00000000200003d0                hUsbDeviceFS
 COMMON         0x0000000020000694      0x7d0 USB_DEVICE/App/usbd_cdc_if.o
                0x0000000020000694                UserRxBufferFS
                0x0000000020000a7c                UserTxBufferFS
 COMMON         0x0000000020000e64      0x200 USB_DEVICE/App/usbd_desc.o
                0x0000000020000e64                USBD_StrDesc
 COMMON         0x0000000020001064      0x2ec USB_DEVICE/Target/usbd_conf.o
                0x0000000020001064                hpcd_USB_FS
                0x0000000020001350                . = ALIGN (0x4)
                0x0000000020001350                _ebss = .
                0x0000000020001350                __bss_end__ = _ebss

._user_heap_stack
                0x0000000020001350      0x600 load address 0x0000000008006b30
                0x0000000020001350                . = ALIGN (0x8)
                [!provide]                        PROVIDE (end = .)
                0x0000000020001350                PROVIDE (_end = .)
                0x0000000020001550                . = (. + _Min_Heap_Size)
 *fill*         0x0000000020001350      0x200 
                0x0000000020001950                . = (. + _Min_Stack_Size)
 *fill*         0x0000000020001550      0x400 
                0x0000000020001950                . = ALIGN (0x8)

/DISCARD/
 libc.a(*)
 libm.a(*)
 libgcc.a(*)

.ARM.attributes
                0x0000000000000000       0x29
 *(.ARM.attributes)
 .ARM.attributes
                0x0000000000000000       0x1d c:/st/stm32cubeide_1.6.0/stm32cubeide/plugins/com.st.stm32cube.ide.mcu.externaltools.gnu-tools-for-stm32.9-2020-q2-update.win32_1.5.0.202011040924/tools/bin/../lib/gcc/arm-none-eabi/9.3.1/thumb/v7-m/nofp/crti.o
 .ARM.attributes
                0x000000000000001d       0x2d c:/st/stm32cubeide_1.6.0/stm32cubeide/plugins/com.st.stm32cube.ide.mcu.externaltools.gnu-tools-for-stm32.9-2020-q2-update.win32_1.5.0.202011040924/tools/bin/../lib/gcc/arm-none-eabi/9.3.1/thumb/v7-m/nofp/crtbegin.o
 .ARM.attributes
                0x000000000000004a       0x2d Core/Src/main.o
 .ARM.attributes
                0x0000000000000077       0x2d Core/Src/stm32f1xx_hal_msp.o
 .ARM.attributes
                0x00000000000000a4       0x2d Core/Src/stm32f1xx_it.o
 .ARM.attributes
                0x00000000000000d1       0x2d Core/Src/system_stm32f1xx.o
 .ARM.attributes
                0x00000000000000fe       0x21 Core/Startup/startup_stm32f103c8tx.o
 .ARM.attributes
                0x000000000000011f       0x2d Drivers/STM32F1xx_HAL_Driver/Src/stm32f1xx_hal.o
 .ARM.attributes
                0x000000000000014c       0x2d Drivers/STM32F1xx_HAL_Driver/Src/stm32f1xx_hal_cortex.o
 .ARM.attributes
                0x0000000000000179       0x2d Drivers/STM32F1xx_HAL_Driver/Src/stm32f1xx_hal_pcd.o
 .ARM.attributes
                0x00000000000001a6       0x2d Drivers/STM32F1xx_HAL_Driver/Src/stm32f1xx_hal_pcd_ex.o
 .ARM.attributes
                0x00000000000001d3       0x2d Drivers/STM32F1xx_HAL_Driver/Src/stm32f1xx_hal_rcc.o
 .ARM.attributes
                0x0000000000000200       0x2d Drivers/STM32F1xx_HAL_Driver/Src/stm32f1xx_hal_rcc_ex.o
 .ARM.attributes
                0x000000000000022d       0x2d Drivers/STM32F1xx_HAL_Driver/Src/stm32f1xx_ll_usb.o
 .ARM.attributes
                0x000000000000025a       0x2d Middlewares/ST/STM32_USB_Device_Library/Class/CDC/Src/usbd_cdc.o
 .ARM.attributes
                0x0000000000000287       0x2d Middlewares/ST/STM32_USB_Device_Library/Core/Src/usbd_core.o
 .ARM.attributes
                0x00000000000002b4       0x2d Middlewares/ST/STM32_USB_Device_Library/Core/Src/usbd_ctlreq.o
 .ARM.attributes
                0x00000000000002e1       0x2d Middlewares/ST/STM32_USB_Device_Library/Core/Src/usbd_ioreq.o
 .ARM.attributes
                0x000000000000030e       0x2d USB_DEVICE/App/usb_device.o
 .ARM.attributes
                0x000000000000033b       0x2d USB_DEVICE/App/usbd_cdc_if.o
 .ARM.attributes
                0x0000000000000368       0x2d USB_DEVICE/App/usbd_desc.o
 .ARM.attributes
                0x0000000000000395       0x2d USB_DEVICE/Target/usbd_conf.o
 .ARM.attributes
                0x00000000000003c2       0x2d c:/st/stm32cubeide_1.6.0/stm32cubeide/plugins/com.st.stm32cube.ide.mcu.externaltools.gnu-tools-for-stm32.9-2020-q2-update.win32_1.5.0.202011040924/tools/bin/../lib/gcc/arm-none-eabi/9.3.1/../../../../arm-none-eabi/lib/thumb/v7-m/nofp\libc_nano.a(lib_a-init.o)
 .ARM.attributes
                0x00000000000003ef       0x2d c:/st/stm32cubeide_1.6.0/stm32cubeide/plugins/com.st.stm32cube.ide.mcu.externaltools.gnu-tools-for-stm32.9-2020-q2-update.win32_1.5.0.202011040924/tools/bin/../lib/gcc/arm-none-eabi/9.3.1/../../../../arm-none-eabi/lib/thumb/v7-m/nofp\libc_nano.a(lib_a-memset.o)
 .ARM.attributes
                0x000000000000041c       0x1d c:/st/stm32cubeide_1.6.0/stm32cubeide/plugins/com.st.stm32cube.ide.mcu.externaltools.gnu-tools-for-stm32.9-2020-q2-update.win32_1.5.0.202011040924/tools/bin/../lib/gcc/arm-none-eabi/9.3.1/thumb/v7-m/nofp/crtn.o
OUTPUT(USB_VCP.elf elf32-littlearm)
LOAD linker stubs
LOAD c:/st/stm32cubeide_1.6.0/stm32cubeide/plugins/com.st.stm32cube.ide.mcu.externaltools.gnu-tools-for-stm32.9-2020-q2-update.win32_1.5.0.202011040924/tools/bin/../lib/gcc/arm-none-eabi/9.3.1/../../../../arm-none-eabi/lib/thumb/v7-m/nofp\libc.a
LOAD c:/st/stm32cubeide_1.6.0/stm32cubeide/plugins/com.st.stm32cube.ide.mcu.externaltools.gnu-tools-for-stm32.9-2020-q2-update.win32_1.5.0.202011040924/tools/bin/../lib/gcc/arm-none-eabi/9.3.1/../../../../arm-none-eabi/lib/thumb/v7-m/nofp\libm.a
LOAD c:/st/stm32cubeide_1.6.0/stm32cubeide/plugins/com.st.stm32cube.ide.mcu.externaltools.gnu-tools-for-stm32.9-2020-q2-update.win32_1.5.0.202011040924/tools/bin/../lib/gcc/arm-none-eabi/9.3.1/thumb/v7-m/nofp\libgcc.a

.debug_info     0x0000000000000000    0x11090
 .debug_info    0x0000000000000000     0x1236 Core/Src/main.o
 .debug_info    0x0000000000001236      0x2fc Core/Src/stm32f1xx_hal_msp.o
 .debug_info    0x0000000000001532      0x723 Core/Src/stm32f1xx_it.o
 .debug_info    0x0000000000001c55      0x2be Core/Src/system_stm32f1xx.o
 .debug_info    0x0000000000001f13       0x22 Core/Startup/startup_stm32f103c8tx.o
 .debug_info    0x0000000000001f35      0x76a Drivers/STM32F1xx_HAL_Driver/Src/stm32f1xx_hal.o
 .debug_info    0x000000000000269f      0xbdc Drivers/STM32F1xx_HAL_Driver/Src/stm32f1xx_hal_cortex.o
 .debug_info    0x000000000000327b     0x1332 Drivers/STM32F1xx_HAL_Driver/Src/stm32f1xx_hal_pcd.o
 .debug_info    0x00000000000045ad      0x7fa Drivers/STM32F1xx_HAL_Driver/Src/stm32f1xx_hal_pcd_ex.o
 .debug_info    0x0000000000004da7      0x88e Drivers/STM32F1xx_HAL_Driver/Src/stm32f1xx_hal_rcc.o
 .debug_info    0x0000000000005635      0x480 Drivers/STM32F1xx_HAL_Driver/Src/stm32f1xx_hal_rcc_ex.o
 .debug_info    0x0000000000005ab5     0x1911 Drivers/STM32F1xx_HAL_Driver/Src/stm32f1xx_ll_usb.o
 .debug_info    0x00000000000073c6     0x1938 Middlewares/ST/STM32_USB_Device_Library/Class/CDC/Src/usbd_cdc.o
 .debug_info    0x0000000000008cfe     0x12ef Middlewares/ST/STM32_USB_Device_Library/Core/Src/usbd_core.o
 .debug_info    0x0000000000009fed     0x125c Middlewares/ST/STM32_USB_Device_Library/Core/Src/usbd_ctlreq.o
 .debug_info    0x000000000000b249     0x102e Middlewares/ST/STM32_USB_Device_Library/Core/Src/usbd_ioreq.o
 .debug_info    0x000000000000c277      0xf6b USB_DEVICE/App/usb_device.o
 .debug_info    0x000000000000d1e2     0x1140 USB_DEVICE/App/usbd_cdc_if.o
 .debug_info    0x000000000000e322      0xde8 USB_DEVICE/App/usbd_desc.o
 .debug_info    0x000000000000f10a     0x1f86 USB_DEVICE/Target/usbd_conf.o

.debug_abbrev   0x0000000000000000     0x2ad8
 .debug_abbrev  0x0000000000000000      0x28e Core/Src/main.o
 .debug_abbrev  0x000000000000028e      0x11d Core/Src/stm32f1xx_hal_msp.o
 .debug_abbrev  0x00000000000003ab      0x173 Core/Src/stm32f1xx_it.o
 .debug_abbrev  0x000000000000051e      0x14e Core/Src/system_stm32f1xx.o
 .debug_abbrev  0x000000000000066c       0x12 Core/Startup/startup_stm32f103c8tx.o
 .debug_abbrev  0x000000000000067e      0x1ed Drivers/STM32F1xx_HAL_Driver/Src/stm32f1xx_hal.o
 .debug_abbrev  0x000000000000086b      0x313 Drivers/STM32F1xx_HAL_Driver/Src/stm32f1xx_hal_cortex.o
 .debug_abbrev  0x0000000000000b7e      0x29e Drivers/STM32F1xx_HAL_Driver/Src/stm32f1xx_hal_pcd.o
 .debug_abbrev  0x0000000000000e1c      0x1ac Drivers/STM32F1xx_HAL_Driver/Src/stm32f1xx_hal_pcd_ex.o
 .debug_abbrev  0x0000000000000fc8      0x273 Drivers/STM32F1xx_HAL_Driver/Src/stm32f1xx_hal_rcc.o
 .debug_abbrev  0x000000000000123b      0x193 Drivers/STM32F1xx_HAL_Driver/Src/stm32f1xx_hal_rcc_ex.o
 .debug_abbrev  0x00000000000013ce      0x1fa Drivers/STM32F1xx_HAL_Driver/Src/stm32f1xx_ll_usb.o
 .debug_abbrev  0x00000000000015c8      0x2f6 Middlewares/ST/STM32_USB_Device_Library/Class/CDC/Src/usbd_cdc.o
 .debug_abbrev  0x00000000000018be      0x2a8 Middlewares/ST/STM32_USB_Device_Library/Core/Src/usbd_core.o
 .debug_abbrev  0x0000000000001b66      0x2de Middlewares/ST/STM32_USB_Device_Library/Core/Src/usbd_ctlreq.o
 .debug_abbrev  0x0000000000001e44      0x20a Middlewares/ST/STM32_USB_Device_Library/Core/Src/usbd_ioreq.o
 .debug_abbrev  0x000000000000204e      0x1e4 USB_DEVICE/App/usb_device.o
 .debug_abbrev  0x0000000000002232      0x2bf USB_DEVICE/App/usbd_cdc_if.o
 .debug_abbrev  0x00000000000024f1      0x2ca USB_DEVICE/App/usbd_desc.o
 .debug_abbrev  0x00000000000027bb      0x31d USB_DEVICE/Target/usbd_conf.o

.debug_aranges  0x0000000000000000      0xa10
 .debug_aranges
                0x0000000000000000       0x38 Core/Src/main.o
 .debug_aranges
                0x0000000000000038       0x20 Core/Src/stm32f1xx_hal_msp.o
 .debug_aranges
                0x0000000000000058       0x70 Core/Src/stm32f1xx_it.o
 .debug_aranges
                0x00000000000000c8       0x28 Core/Src/system_stm32f1xx.o
 .debug_aranges
                0x00000000000000f0       0x28 Core/Startup/startup_stm32f103c8tx.o
 .debug_aranges
                0x0000000000000118       0xe0 Drivers/STM32F1xx_HAL_Driver/Src/stm32f1xx_hal.o
 .debug_aranges
                0x00000000000001f8      0x100 Drivers/STM32F1xx_HAL_Driver/Src/stm32f1xx_hal_cortex.o
 .debug_aranges
                0x00000000000002f8      0x138 Drivers/STM32F1xx_HAL_Driver/Src/stm32f1xx_hal_pcd.o
 .debug_aranges
                0x0000000000000430       0x38 Drivers/STM32F1xx_HAL_Driver/Src/stm32f1xx_hal_pcd_ex.o
 .debug_aranges
                0x0000000000000468       0x90 Drivers/STM32F1xx_HAL_Driver/Src/stm32f1xx_hal_rcc.o
 .debug_aranges
                0x00000000000004f8       0x30 Drivers/STM32F1xx_HAL_Driver/Src/stm32f1xx_hal_rcc_ex.o
 .debug_aranges
                0x0000000000000528       0xf0 Drivers/STM32F1xx_HAL_Driver/Src/stm32f1xx_ll_usb.o
 .debug_aranges
                0x0000000000000618       0x90 Middlewares/ST/STM32_USB_Device_Library/Class/CDC/Src/usbd_cdc.o
 .debug_aranges
                0x00000000000006a8       0xb8 Middlewares/ST/STM32_USB_Device_Library/Core/Src/usbd_core.o
 .debug_aranges
                0x0000000000000760       0x88 Middlewares/ST/STM32_USB_Device_Library/Core/Src/usbd_ctlreq.o
 .debug_aranges
                0x00000000000007e8       0x50 Middlewares/ST/STM32_USB_Device_Library/Core/Src/usbd_ioreq.o
 .debug_aranges
                0x0000000000000838       0x20 USB_DEVICE/App/usb_device.o
 .debug_aranges
                0x0000000000000858       0x40 USB_DEVICE/App/usbd_cdc_if.o
 .debug_aranges
                0x0000000000000898       0x60 USB_DEVICE/App/usbd_desc.o
 .debug_aranges
                0x00000000000008f8      0x118 USB_DEVICE/Target/usbd_conf.o

.debug_ranges   0x0000000000000000      0x8d8
 .debug_ranges  0x0000000000000000       0x28 Core/Src/main.o
 .debug_ranges  0x0000000000000028       0x10 Core/Src/stm32f1xx_hal_msp.o
 .debug_ranges  0x0000000000000038       0x60 Core/Src/stm32f1xx_it.o
 .debug_ranges  0x0000000000000098       0x18 Core/Src/system_stm32f1xx.o
 .debug_ranges  0x00000000000000b0       0x20 Core/Startup/startup_stm32f103c8tx.o
 .debug_ranges  0x00000000000000d0       0xd0 Drivers/STM32F1xx_HAL_Driver/Src/stm32f1xx_hal.o
 .debug_ranges  0x00000000000001a0       0xf0 Drivers/STM32F1xx_HAL_Driver/Src/stm32f1xx_hal_cortex.o
 .debug_ranges  0x0000000000000290      0x128 Drivers/STM32F1xx_HAL_Driver/Src/stm32f1xx_hal_pcd.o
 .debug_ranges  0x00000000000003b8       0x28 Drivers/STM32F1xx_HAL_Driver/Src/stm32f1xx_hal_pcd_ex.o
 .debug_ranges  0x00000000000003e0       0x80 Drivers/STM32F1xx_HAL_Driver/Src/stm32f1xx_hal_rcc.o
 .debug_ranges  0x0000000000000460       0x20 Drivers/STM32F1xx_HAL_Driver/Src/stm32f1xx_hal_rcc_ex.o
 .debug_ranges  0x0000000000000480       0xe0 Drivers/STM32F1xx_HAL_Driver/Src/stm32f1xx_ll_usb.o
 .debug_ranges  0x0000000000000560       0x80 Middlewares/ST/STM32_USB_Device_Library/Class/CDC/Src/usbd_cdc.o
 .debug_ranges  0x00000000000005e0       0xa8 Middlewares/ST/STM32_USB_Device_Library/Core/Src/usbd_core.o
 .debug_ranges  0x0000000000000688       0x78 Middlewares/ST/STM32_USB_Device_Library/Core/Src/usbd_ctlreq.o
 .debug_ranges  0x0000000000000700       0x40 Middlewares/ST/STM32_USB_Device_Library/Core/Src/usbd_ioreq.o
 .debug_ranges  0x0000000000000740       0x10 USB_DEVICE/App/usb_device.o
 .debug_ranges  0x0000000000000750       0x30 USB_DEVICE/App/usbd_cdc_if.o
 .debug_ranges  0x0000000000000780       0x50 USB_DEVICE/App/usbd_desc.o
 .debug_ranges  0x00000000000007d0      0x108 USB_DEVICE/Target/usbd_conf.o

.debug_macro    0x0000000000000000    0x1945a
 .debug_macro   0x0000000000000000      0x3e7 Core/Src/main.o
 .debug_macro   0x00000000000003e7      0xa9c Core/Src/main.o
 .debug_macro   0x0000000000000e83      0x215 Core/Src/main.o
 .debug_macro   0x0000000000001098       0x2e Core/Src/main.o
 .debug_macro   0x00000000000010c6       0x22 Core/Src/main.o
 .debug_macro   0x00000000000010e8       0x22 Core/Src/main.o
 .debug_macro   0x000000000000110a       0x8e Core/Src/main.o
 .debug_macro   0x0000000000001198       0x51 Core/Src/main.o
 .debug_macro   0x00000000000011e9      0x103 Core/Src/main.o
 .debug_macro   0x00000000000012ec       0x6a Core/Src/main.o
 .debug_macro   0x0000000000001356      0x1df Core/Src/main.o
 .debug_macro   0x0000000000001535       0x1c Core/Src/main.o
 .debug_macro   0x0000000000001551       0x22 Core/Src/main.o
 .debug_macro   0x0000000000001573       0xc3 Core/Src/main.o
 .debug_macro   0x0000000000001636      0xd23 Core/Src/main.o
 .debug_macro   0x0000000000002359     0xe097 Core/Src/main.o
 .debug_macro   0x00000000000103f0       0x43 Core/Src/main.o
 .debug_macro   0x0000000000010433     0x3468 Core/Src/main.o
 .debug_macro   0x000000000001389b      0x174 Core/Src/main.o
 .debug_macro   0x0000000000013a0f       0x5c Core/Src/main.o
 .debug_macro   0x0000000000013a6b      0x5be Core/Src/main.o
 .debug_macro   0x0000000000014029      0x289 Core/Src/main.o
 .debug_macro   0x00000000000142b2      0x1cb Core/Src/main.o
 .debug_macro   0x000000000001447d      0x114 Core/Src/main.o
 .debug_macro   0x0000000000014591      0x1b2 Core/Src/main.o
 .debug_macro   0x0000000000014743       0x27 Core/Src/main.o
 .debug_macro   0x000000000001476a      0x136 Core/Src/main.o
 .debug_macro   0x00000000000148a0      0x1bc Core/Src/main.o
 .debug_macro   0x0000000000014a5c       0x34 Core/Src/main.o
 .debug_macro   0x0000000000014a90       0x3c Core/Src/main.o
 .debug_macro   0x0000000000014acc       0x57 Core/Src/main.o
 .debug_macro   0x0000000000014b23       0x88 Core/Src/main.o
 .debug_macro   0x0000000000014bab      0x241 Core/Src/main.o
 .debug_macro   0x0000000000014dec      0x141 Core/Src/main.o
 .debug_macro   0x0000000000014f2d       0x65 Core/Src/main.o
 .debug_macro   0x0000000000014f92      0x249 Core/Src/main.o
 .debug_macro   0x00000000000151db       0x83 Core/Src/main.o
 .debug_macro   0x000000000001525e       0x52 Core/Src/main.o
 .debug_macro   0x00000000000152b0       0x18 Core/Src/main.o
 .debug_macro   0x00000000000152c8       0x3c Core/Src/main.o
 .debug_macro   0x0000000000015304       0x34 Core/Src/main.o
 .debug_macro   0x0000000000015338       0x16 Core/Src/main.o
 .debug_macro   0x000000000001534e       0x35 Core/Src/main.o
 .debug_macro   0x0000000000015383      0x333 Core/Src/main.o
 .debug_macro   0x00000000000156b6       0x10 Core/Src/main.o
 .debug_macro   0x00000000000156c6       0x16 Core/Src/main.o
 .debug_macro   0x00000000000156dc       0x43 Core/Src/main.o
 .debug_macro   0x000000000001571f       0x34 Core/Src/main.o
 .debug_macro   0x0000000000015753       0x10 Core/Src/main.o
 .debug_macro   0x0000000000015763       0x58 Core/Src/main.o
 .debug_macro   0x00000000000157bb       0x71 Core/Src/main.o
 .debug_macro   0x000000000001582c       0x1c Core/Src/main.o
 .debug_macro   0x0000000000015848      0x12a Core/Src/main.o
 .debug_macro   0x0000000000015972       0x10 Core/Src/main.o
 .debug_macro   0x0000000000015982       0x1c Core/Src/main.o
 .debug_macro   0x000000000001599e       0x52 Core/Src/main.o
 .debug_macro   0x00000000000159f0       0x22 Core/Src/main.o
 .debug_macro   0x0000000000015a12       0x10 Core/Src/main.o
 .debug_macro   0x0000000000015a22       0x40 Core/Src/main.o
 .debug_macro   0x0000000000015a62       0xd5 Core/Src/main.o
 .debug_macro   0x0000000000015b37       0x1c Core/Src/main.o
 .debug_macro   0x0000000000015b53       0x3d Core/Src/main.o
 .debug_macro   0x0000000000015b90       0x16 Core/Src/main.o
 .debug_macro   0x0000000000015ba6      0x145 Core/Src/main.o
 .debug_macro   0x0000000000015ceb       0x16 Core/Src/main.o
 .debug_macro   0x0000000000015d01       0x16 Core/Src/main.o
 .debug_macro   0x0000000000015d17       0x29 Core/Src/main.o
 .debug_macro   0x0000000000015d40       0x16 Core/Src/main.o
 .debug_macro   0x0000000000015d56       0x20 Core/Src/main.o
 .debug_macro   0x0000000000015d76       0x60 Core/Src/main.o
 .debug_macro   0x0000000000015dd6      0x1c8 Core/Src/main.o
 .debug_macro   0x0000000000015f9e       0x8f Core/Src/main.o
 .debug_macro   0x000000000001602d       0x10 Core/Src/main.o
 .debug_macro   0x000000000001603d      0x1b2 Core/Src/stm32f1xx_hal_msp.o
 .debug_macro   0x00000000000161ef      0x1bc Core/Src/stm32f1xx_it.o
 .debug_macro   0x00000000000163ab      0x1a8 Core/Src/system_stm32f1xx.o
 .debug_macro   0x0000000000016553      0x1cc Drivers/STM32F1xx_HAL_Driver/Src/stm32f1xx_hal.o
 .debug_macro   0x000000000001671f      0x1a8 Drivers/STM32F1xx_HAL_Driver/Src/stm32f1xx_hal_cortex.o
 .debug_macro   0x00000000000168c7      0x1b4 Drivers/STM32F1xx_HAL_Driver/Src/stm32f1xx_hal_pcd.o
 .debug_macro   0x0000000000016a7b      0x1a8 Drivers/STM32F1xx_HAL_Driver/Src/stm32f1xx_hal_pcd_ex.o
 .debug_macro   0x0000000000016c23      0x1ba Drivers/STM32F1xx_HAL_Driver/Src/stm32f1xx_hal_rcc.o
 .debug_macro   0x0000000000016ddd      0x1a8 Drivers/STM32F1xx_HAL_Driver/Src/stm32f1xx_hal_rcc_ex.o
 .debug_macro   0x0000000000016f85      0x1a8 Drivers/STM32F1xx_HAL_Driver/Src/stm32f1xx_ll_usb.o
 .debug_macro   0x000000000001712d      0x3c8 Middlewares/ST/STM32_USB_Device_Library/Class/CDC/Src/usbd_cdc.o
 .debug_macro   0x00000000000174f5       0x97 Middlewares/ST/STM32_USB_Device_Library/Class/CDC/Src/usbd_cdc.o
 .debug_macro   0x000000000001758c       0xfd Middlewares/ST/STM32_USB_Device_Library/Class/CDC/Src/usbd_cdc.o
 .debug_macro   0x0000000000017689       0xbd Middlewares/ST/STM32_USB_Device_Library/Class/CDC/Src/usbd_cdc.o
 .debug_macro   0x0000000000017746       0x56 Middlewares/ST/STM32_USB_Device_Library/Class/CDC/Src/usbd_cdc.o
 .debug_macro   0x000000000001779c      0x3af Middlewares/ST/STM32_USB_Device_Library/Core/Src/usbd_core.o
 .debug_macro   0x0000000000017b4b      0x1ce Middlewares/ST/STM32_USB_Device_Library/Core/Src/usbd_core.o
 .debug_macro   0x0000000000017d19      0x3b9 Middlewares/ST/STM32_USB_Device_Library/Core/Src/usbd_ctlreq.o
 .debug_macro   0x00000000000180d2      0x3b5 Middlewares/ST/STM32_USB_Device_Library/Core/Src/usbd_ioreq.o
 .debug_macro   0x0000000000018487      0x3ee USB_DEVICE/App/usb_device.o
 .debug_macro   0x0000000000018875       0x22 USB_DEVICE/App/usb_device.o
 .debug_macro   0x0000000000018897       0x16 USB_DEVICE/App/usb_device.o
 .debug_macro   0x00000000000188ad      0x3d3 USB_DEVICE/App/usbd_cdc_if.o
 .debug_macro   0x0000000000018c80      0x3ec USB_DEVICE/App/usbd_desc.o
 .debug_macro   0x000000000001906c       0x1c USB_DEVICE/App/usbd_desc.o
 .debug_macro   0x0000000000019088      0x3d2 USB_DEVICE/Target/usbd_conf.o

.debug_line     0x0000000000000000     0xd380
 .debug_line    0x0000000000000000      0xa66 Core/Src/main.o
 .debug_line    0x0000000000000a66      0x67c Core/Src/stm32f1xx_hal_msp.o
 .debug_line    0x00000000000010e2      0x76d Core/Src/stm32f1xx_it.o
 .debug_line    0x000000000000184f      0x6f9 Core/Src/system_stm32f1xx.o
 .debug_line    0x0000000000001f48       0x84 Core/Startup/startup_stm32f103c8tx.o
 .debug_line    0x0000000000001fcc      0x926 Drivers/STM32F1xx_HAL_Driver/Src/stm32f1xx_hal.o
 .debug_line    0x00000000000028f2      0xb0e Drivers/STM32F1xx_HAL_Driver/Src/stm32f1xx_hal_cortex.o
 .debug_line    0x0000000000003400     0x12a5 Drivers/STM32F1xx_HAL_Driver/Src/stm32f1xx_hal_pcd.o
 .debug_line    0x00000000000046a5      0x6f4 Drivers/STM32F1xx_HAL_Driver/Src/stm32f1xx_hal_pcd_ex.o
 .debug_line    0x0000000000004d99      0xd34 Drivers/STM32F1xx_HAL_Driver/Src/stm32f1xx_hal_rcc.o
 .debug_line    0x0000000000005acd      0x872 Drivers/STM32F1xx_HAL_Driver/Src/stm32f1xx_hal_rcc_ex.o
 .debug_line    0x000000000000633f      0xf7b Drivers/STM32F1xx_HAL_Driver/Src/stm32f1xx_ll_usb.o
 .debug_line    0x00000000000072ba      0xd08 Middlewares/ST/STM32_USB_Device_Library/Class/CDC/Src/usbd_cdc.o
 .debug_line    0x0000000000007fc2      0xd88 Middlewares/ST/STM32_USB_Device_Library/Core/Src/usbd_core.o
 .debug_line    0x0000000000008d4a      0xfa7 Middlewares/ST/STM32_USB_Device_Library/Core/Src/usbd_ctlreq.o
 .debug_line    0x0000000000009cf1      0xa1e Middlewares/ST/STM32_USB_Device_Library/Core/Src/usbd_ioreq.o
 .debug_line    0x000000000000a70f      0x9de USB_DEVICE/App/usb_device.o
 .debug_line    0x000000000000b0ed      0xa26 USB_DEVICE/App/usbd_cdc_if.o
 .debug_line    0x000000000000bb13      0xaa7 USB_DEVICE/App/usbd_desc.o
 .debug_line    0x000000000000c5ba      0xdc6 USB_DEVICE/Target/usbd_conf.o

.debug_str      0x0000000000000000    0x844a6
 .debug_str     0x0000000000000000    0x82106 Core/Src/main.o
                                      0x825a6 (size before relaxing)
 .debug_str     0x0000000000082106       0x5a Core/Src/stm32f1xx_hal_msp.o
                                      0x7d0e8 (size before relaxing)
 .debug_str     0x0000000000082160      0x3d9 Core/Src/stm32f1xx_it.o
                                      0x7d4a5 (size before relaxing)
 .debug_str     0x0000000000082539       0x52 Core/Src/system_stm32f1xx.o
                                      0x7d0d5 (size before relaxing)
 .debug_str     0x000000000008258b       0x36 Core/Startup/startup_stm32f103c8tx.o
                                         0x6e (size before relaxing)
 .debug_str     0x00000000000825c1      0x55e Drivers/STM32F1xx_HAL_Driver/Src/stm32f1xx_hal.o
                                      0x7d766 (size before relaxing)
 .debug_str     0x0000000000082b1f      0x2d8 Drivers/STM32F1xx_HAL_Driver/Src/stm32f1xx_hal_cortex.o
                                      0x7d76e (size before relaxing)
 .debug_str     0x0000000000082df7      0x402 Drivers/STM32F1xx_HAL_Driver/Src/stm32f1xx_hal_pcd.o
                                      0x7d828 (size before relaxing)
 .debug_str     0x00000000000831f9      0x18d Drivers/STM32F1xx_HAL_Driver/Src/stm32f1xx_hal_pcd_ex.o
                                      0x7d575 (size before relaxing)
 .debug_str     0x0000000000083386      0x27c Drivers/STM32F1xx_HAL_Driver/Src/stm32f1xx_hal_rcc.o
                                      0x7d4d2 (size before relaxing)
 .debug_str     0x0000000000083602       0xb9 Drivers/STM32F1xx_HAL_Driver/Src/stm32f1xx_hal_rcc_ex.o
                                      0x7d25f (size before relaxing)
 .debug_str     0x00000000000836bb      0x2b2 Drivers/STM32F1xx_HAL_Driver/Src/stm32f1xx_ll_usb.o
                                      0x7d5a8 (size before relaxing)
 .debug_str     0x000000000008396d      0x293 Middlewares/ST/STM32_USB_Device_Library/Class/CDC/Src/usbd_cdc.o
                                      0x828de (size before relaxing)
 .debug_str     0x0000000000083c00      0x1b5 Middlewares/ST/STM32_USB_Device_Library/Core/Src/usbd_core.o
                                      0x821d9 (size before relaxing)
 .debug_str     0x0000000000083db5      0x134 Middlewares/ST/STM32_USB_Device_Library/Core/Src/usbd_ctlreq.o
                                      0x8215f (size before relaxing)
 .debug_str     0x0000000000083ee9       0xc9 Middlewares/ST/STM32_USB_Device_Library/Core/Src/usbd_ioreq.o
                                      0x820e7 (size before relaxing)
 .debug_str     0x0000000000083fb2       0xc2 USB_DEVICE/App/usb_device.o
                                      0x8244e (size before relaxing)
 .debug_str     0x0000000000084074       0x86 USB_DEVICE/App/usbd_cdc_if.o
                                      0x82486 (size before relaxing)
 .debug_str     0x00000000000840fa      0x258 USB_DEVICE/App/usbd_desc.o
                                      0x82052 (size before relaxing)
 .debug_str     0x0000000000084352      0x154 USB_DEVICE/Target/usbd_conf.o
                                      0x82d04 (size before relaxing)

.comment        0x0000000000000000       0x53
 .comment       0x0000000000000000       0x53 Core/Src/main.o
                                         0x54 (size before relaxing)
 .comment       0x0000000000000053       0x54 Core/Src/stm32f1xx_hal_msp.o
 .comment       0x0000000000000053       0x54 Core/Src/stm32f1xx_it.o
 .comment       0x0000000000000053       0x54 Core/Src/system_stm32f1xx.o
 .comment       0x0000000000000053       0x54 Drivers/STM32F1xx_HAL_Driver/Src/stm32f1xx_hal.o
 .comment       0x0000000000000053       0x54 Drivers/STM32F1xx_HAL_Driver/Src/stm32f1xx_hal_cortex.o
 .comment       0x0000000000000053       0x54 Drivers/STM32F1xx_HAL_Driver/Src/stm32f1xx_hal_pcd.o
 .comment       0x0000000000000053       0x54 Drivers/STM32F1xx_HAL_Driver/Src/stm32f1xx_hal_pcd_ex.o
 .comment       0x0000000000000053       0x54 Drivers/STM32F1xx_HAL_Driver/Src/stm32f1xx_hal_rcc.o
 .comment       0x0000000000000053       0x54 Drivers/STM32F1xx_HAL_Driver/Src/stm32f1xx_hal_rcc_ex.o
 .comment       0x0000000000000053       0x54 Drivers/STM32F1xx_HAL_Driver/Src/stm32f1xx_ll_usb.o
 .comment       0x0000000000000053       0x54 Middlewares/ST/STM32_USB_Device_Library/Class/CDC/Src/usbd_cdc.o
 .comment       0x0000000000000053       0x54 Middlewares/ST/STM32_USB_Device_Library/Core/Src/usbd_core.o
 .comment       0x0000000000000053       0x54 Middlewares/ST/STM32_USB_Device_Library/Core/Src/usbd_ctlreq.o
 .comment       0x0000000000000053       0x54 Middlewares/ST/STM32_USB_Device_Library/Core/Src/usbd_ioreq.o
 .comment       0x0000000000000053       0x54 USB_DEVICE/App/usb_device.o
 .comment       0x0000000000000053       0x54 USB_DEVICE/App/usbd_cdc_if.o
 .comment       0x0000000000000053       0x54 USB_DEVICE/App/usbd_desc.o
 .comment       0x0000000000000053       0x54 USB_DEVICE/Target/usbd_conf.o

.debug_frame    0x0000000000000000     0x2674
 .debug_frame   0x0000000000000000       0x90 Core/Src/main.o
 .debug_frame   0x0000000000000090       0x38 Core/Src/stm32f1xx_hal_msp.o
 .debug_frame   0x00000000000000c8      0x13c Core/Src/stm32f1xx_it.o
 .debug_frame   0x0000000000000204       0x58 Core/Src/system_stm32f1xx.o
 .debug_frame   0x000000000000025c      0x334 Drivers/STM32F1xx_HAL_Driver/Src/stm32f1xx_hal.o
 .debug_frame   0x0000000000000590      0x428 Drivers/STM32F1xx_HAL_Driver/Src/stm32f1xx_hal_cortex.o
 .debug_frame   0x00000000000009b8      0x578 Drivers/STM32F1xx_HAL_Driver/Src/stm32f1xx_hal_pcd.o
 .debug_frame   0x0000000000000f30       0xb0 Drivers/STM32F1xx_HAL_Driver/Src/stm32f1xx_hal_pcd_ex.o
 .debug_frame   0x0000000000000fe0      0x21c Drivers/STM32F1xx_HAL_Driver/Src/stm32f1xx_hal_rcc.o
 .debug_frame   0x00000000000011fc       0x84 Drivers/STM32F1xx_HAL_Driver/Src/stm32f1xx_hal_rcc_ex.o
 .debug_frame   0x0000000000001280      0x450 Drivers/STM32F1xx_HAL_Driver/Src/stm32f1xx_ll_usb.o
 .debug_frame   0x00000000000016d0      0x248 Middlewares/ST/STM32_USB_Device_Library/Class/CDC/Src/usbd_cdc.o
 .debug_frame   0x0000000000001918      0x300 Middlewares/ST/STM32_USB_Device_Library/Core/Src/usbd_core.o
 .debug_frame   0x0000000000001c18      0x218 Middlewares/ST/STM32_USB_Device_Library/Core/Src/usbd_ctlreq.o
 .debug_frame   0x0000000000001e30      0x10c Middlewares/ST/STM32_USB_Device_Library/Core/Src/usbd_ioreq.o
 .debug_frame   0x0000000000001f3c       0x2c USB_DEVICE/App/usb_device.o
 .debug_frame   0x0000000000001f68       0xbc USB_DEVICE/App/usbd_cdc_if.o
 .debug_frame   0x0000000000002024      0x160 USB_DEVICE/App/usbd_desc.o
 .debug_frame   0x0000000000002184      0x4a4 USB_DEVICE/Target/usbd_conf.o
 .debug_frame   0x0000000000002628       0x2c c:/st/stm32cubeide_1.6.0/stm32cubeide/plugins/com.st.stm32cube.ide.mcu.externaltools.gnu-tools-for-stm32.9-2020-q2-update.win32_1.5.0.202011040924/tools/bin/../lib/gcc/arm-none-eabi/9.3.1/../../../../arm-none-eabi/lib/thumb/v7-m/nofp\libc_nano.a(lib_a-init.o)
 .debug_frame   0x0000000000002654       0x20 c:/st/stm32cubeide_1.6.0/stm32cubeide/plugins/com.st.stm32cube.ide.mcu.externaltools.gnu-tools-for-stm32.9-2020-q2-update.win32_1.5.0.202011040924/tools/bin/../lib/gcc/arm-none-eabi/9.3.1/../../../../arm-none-eabi/lib/thumb/v7-m/nofp\libc_nano.a(lib_a-memset.o)
